Archive member included because of file (symbol)

f:/truestudio for arm 5.4.2/armtools/bin/../lib/gcc/arm-atollic-eabi/4.8.3/../../../../arm-atollic-eabi/lib/armv7e-m/fpu\libc_s.a(lib_a-init.o)
                              src\startup_stm32f40xx.o (__libc_init_array)
f:/truestudio for arm 5.4.2/armtools/bin/../lib/gcc/arm-atollic-eabi/4.8.3/../../../../arm-atollic-eabi/lib/armv7e-m/fpu\libc_s.a(lib_a-strlen.o)
                              src\tiny_printf.o (strlen)
f:/truestudio for arm 5.4.2/armtools/bin/../lib/gcc/arm-atollic-eabi/4.8.3/../../../../arm-atollic-eabi/lib/armv7e-m/fpu\libc_s.a(lib_a-syscalls.o)
                              src\tiny_printf.o (_write)
f:/truestudio for arm 5.4.2/armtools/bin/../lib/gcc/arm-atollic-eabi/4.8.3/../../../../arm-atollic-eabi/lib/armv7e-m/fpu\libc_s.a(lib_a-reent.o)
                              f:/truestudio for arm 5.4.2/armtools/bin/../lib/gcc/arm-atollic-eabi/4.8.3/../../../../arm-atollic-eabi/lib/armv7e-m/fpu\libc_s.a(lib_a-syscalls.o) (errno)
f:/truestudio for arm 5.4.2/armtools/bin/../lib/gcc/arm-atollic-eabi/4.8.3/../../../../arm-atollic-eabi/lib/armv7e-m/fpu\libc_s.a(lib_a-impure.o)
                              f:/truestudio for arm 5.4.2/armtools/bin/../lib/gcc/arm-atollic-eabi/4.8.3/../../../../arm-atollic-eabi/lib/armv7e-m/fpu\libc_s.a(lib_a-reent.o) (_impure_ptr)
f:/truestudio for arm 5.4.2/armtools/bin/../lib/gcc/arm-atollic-eabi/4.8.3/../../../../arm-atollic-eabi/lib/armv7e-m/fpu\libc_s.a(lib_a-nano-freer.o)
                              f:/truestudio for arm 5.4.2/armtools/bin/../lib/gcc/arm-atollic-eabi/4.8.3/../../../../arm-atollic-eabi/lib/armv7e-m/fpu\libc_s.a(lib_a-reent.o) (_free_r)
f:/truestudio for arm 5.4.2/armtools/bin/../lib/gcc/arm-atollic-eabi/4.8.3/../../../../arm-atollic-eabi/lib/armv7e-m/fpu\libc_s.a(lib_a-nano-mallocr.o)
                              f:/truestudio for arm 5.4.2/armtools/bin/../lib/gcc/arm-atollic-eabi/4.8.3/../../../../arm-atollic-eabi/lib/armv7e-m/fpu\libc_s.a(lib_a-nano-freer.o) (__malloc_free_list)
f:/truestudio for arm 5.4.2/armtools/bin/../lib/gcc/arm-atollic-eabi/4.8.3/../../../../arm-atollic-eabi/lib/armv7e-m/fpu\libc_s.a(lib_a-sbrkr.o)
                              f:/truestudio for arm 5.4.2/armtools/bin/../lib/gcc/arm-atollic-eabi/4.8.3/../../../../arm-atollic-eabi/lib/armv7e-m/fpu\libc_s.a(lib_a-nano-mallocr.o) (_sbrk_r)

Allocating common symbols
Common symbol       size              file

CurrentPos          0x4               Utilities\STM32F4-Discovery\stm32f4_discovery_audio_codec.o
errno               0x4               f:/truestudio for arm 5.4.2/armtools/bin/../lib/gcc/arm-atollic-eabi/4.8.3/../../../../arm-atollic-eabi/lib/armv7e-m/fpu\libc_s.a(lib_a-reent.o)
AUDIO_MAL_DMA_InitStructure
                    0x3c              Utilities\STM32F4-Discovery\stm32f4_discovery_audio_codec.o
NVIC_InitStructure  0x4               Utilities\STM32F4-Discovery\stm32f4_discovery.o
DMA_InitStructure   0x3c              Utilities\STM32F4-Discovery\stm32f4_discovery_audio_codec.o

Discarded input sections

 .text          0x00000000        0x0 f:/truestudio for arm 5.4.2/armtools/bin/../lib/gcc/arm-atollic-eabi/4.8.3/armv7e-m/fpu/crti.o
 .data          0x00000000        0x0 f:/truestudio for arm 5.4.2/armtools/bin/../lib/gcc/arm-atollic-eabi/4.8.3/armv7e-m/fpu/crti.o
 .bss           0x00000000        0x0 f:/truestudio for arm 5.4.2/armtools/bin/../lib/gcc/arm-atollic-eabi/4.8.3/armv7e-m/fpu/crti.o
 .data          0x00000000        0x4 f:/truestudio for arm 5.4.2/armtools/bin/../lib/gcc/arm-atollic-eabi/4.8.3/armv7e-m/fpu/crtbegin.o
 .text          0x00000000        0x0 src\tiny_printf.o
 .data          0x00000000        0x0 src\tiny_printf.o
 .bss           0x00000000        0x0 src\tiny_printf.o
 .text.ts_itoa  0x00000000       0x90 src\tiny_printf.o
 .text.ts_formatstring
                0x00000000      0x134 src\tiny_printf.o
 .text.ts_formatlength
                0x00000000      0x12c src\tiny_printf.o
 .text.siprintf
                0x00000000       0x2c src\tiny_printf.o
 .text.fiprintf
                0x00000000       0x9c src\tiny_printf.o
 .text.iprintf  0x00000000       0x94 src\tiny_printf.o
 .rodata        0x00000000        0x4 src\tiny_printf.o
 .text.fputs    0x00000000       0x68 src\tiny_printf.o
 .text.puts     0x00000000       0x58 src\tiny_printf.o
 .text.fwrite   0x00000000       0x38 src\tiny_printf.o
 .debug_info    0x00000000      0xbc2 src\tiny_printf.o
 .debug_abbrev  0x00000000      0x248 src\tiny_printf.o
 .debug_aranges
                0x00000000       0x60 src\tiny_printf.o
 .debug_ranges  0x00000000       0x50 src\tiny_printf.o
 .debug_line    0x00000000      0x27b src\tiny_printf.o
 .debug_str     0x00000000      0x5fd src\tiny_printf.o
 .comment       0x00000000       0x83 src\tiny_printf.o
 .ARM.attributes
                0x00000000       0x39 src\tiny_printf.o
 .debug_frame   0x00000000      0x154 src\tiny_printf.o
[...]
Memory Configuration

Name             Origin             Length             Attributes
FLASH            0x08000000         0x00100000         xr
RAM              0x20000000         0x00020000         xrw
MEMORY_B1        0x60000000         0x00000000         xr
CCMRAM           0x10000000         0x00010000         rw
*default*        0x00000000         0xffffffff

Linker script and memory map

LOAD f:/truestudio for arm 5.4.2/armtools/bin/../lib/gcc/arm-atollic-eabi/4.8.3/armv7e-m/fpu/crti.o
LOAD f:/truestudio for arm 5.4.2/armtools/bin/../lib/gcc/arm-atollic-eabi/4.8.3/armv7e-m/fpu/crtbegin.o
LOAD src\tiny_printf.o
LOAD src\system_stm32f4xx.o
LOAD src\stm32f4xx_it.o
LOAD src\startup_stm32f40xx.o
LOAD src\main.o
LOAD Utilities\STM32F4-Discovery\stm32f4_discovery_lis302dl.o
LOAD Utilities\STM32F4-Discovery\stm32f4_discovery_audio_codec.o
LOAD Utilities\STM32F4-Discovery\stm32f4_discovery.o
LOAD Libraries\tm_stm32f4_mpu6050.o
LOAD Libraries\tm_stm32f4_i2c.o
LOAD Libraries\tm_stm32f4_gpio.o
LOAD Libraries\STM32F4xx_StdPeriph_Driver\src\stm32f4xx_wwdg.o
LOAD Libraries\STM32F4xx_StdPeriph_Driver\src\stm32f4xx_usart.o
LOAD Libraries\STM32F4xx_StdPeriph_Driver\src\stm32f4xx_tim.o
LOAD Libraries\STM32F4xx_StdPeriph_Driver\src\stm32f4xx_syscfg.o
LOAD Libraries\STM32F4xx_StdPeriph_Driver\src\stm32f4xx_spi.o
LOAD Libraries\STM32F4xx_StdPeriph_Driver\src\stm32f4xx_sdio.o
LOAD Libraries\STM32F4xx_StdPeriph_Driver\src\stm32f4xx_rtc.o
LOAD Libraries\STM32F4xx_StdPeriph_Driver\src\stm32f4xx_rng.o
LOAD Libraries\STM32F4xx_StdPeriph_Driver\src\stm32f4xx_rcc.o
LOAD Libraries\STM32F4xx_StdPeriph_Driver\src\stm32f4xx_pwr.o
LOAD Libraries\STM32F4xx_StdPeriph_Driver\src\stm32f4xx_iwdg.o
LOAD Libraries\STM32F4xx_StdPeriph_Driver\src\stm32f4xx_i2c.o
LOAD Libraries\STM32F4xx_StdPeriph_Driver\src\stm32f4xx_hash_sha1.o
LOAD Libraries\STM32F4xx_StdPeriph_Driver\src\stm32f4xx_hash_md5.o
LOAD Libraries\STM32F4xx_StdPeriph_Driver\src\stm32f4xx_hash.o
LOAD Libraries\STM32F4xx_StdPeriph_Driver\src\stm32f4xx_gpio.o
LOAD Libraries\STM32F4xx_StdPeriph_Driver\src\stm32f4xx_fsmc.o
LOAD Libraries\STM32F4xx_StdPeriph_Driver\src\stm32f4xx_flash.o
LOAD Libraries\STM32F4xx_StdPeriph_Driver\src\stm32f4xx_exti.o
LOAD Libraries\STM32F4xx_StdPeriph_Driver\src\stm32f4xx_dma.o
LOAD Libraries\STM32F4xx_StdPeriph_Driver\src\stm32f4xx_dcmi.o
LOAD Libraries\STM32F4xx_StdPeriph_Driver\src\stm32f4xx_dbgmcu.o
LOAD Libraries\STM32F4xx_StdPeriph_Driver\src\stm32f4xx_dac.o
LOAD Libraries\STM32F4xx_StdPeriph_Driver\src\stm32f4xx_cryp_tdes.o
LOAD Libraries\STM32F4xx_StdPeriph_Driver\src\stm32f4xx_cryp_des.o
LOAD Libraries\STM32F4xx_StdPeriph_Driver\src\stm32f4xx_cryp_aes.o
LOAD Libraries\STM32F4xx_StdPeriph_Driver\src\stm32f4xx_cryp.o
LOAD Libraries\STM32F4xx_StdPeriph_Driver\src\stm32f4xx_crc.o
LOAD Libraries\STM32F4xx_StdPeriph_Driver\src\stm32f4xx_can.o
LOAD Libraries\STM32F4xx_StdPeriph_Driver\src\stm32f4xx_adc.o
LOAD Libraries\STM32F4xx_StdPeriph_Driver\src\misc.o
START GROUP
LOAD f:/truestudio for arm 5.4.2/armtools/bin/../lib/gcc/arm-atollic-eabi/4.8.3/../../../../arm-atollic-eabi/lib/armv7e-m/fpu\libc_s.a
LOAD f:/truestudio for arm 5.4.2/armtools/bin/../lib/gcc/arm-atollic-eabi/4.8.3/../../../../arm-atollic-eabi/lib/armv7e-m/fpu\libm.a
END GROUP
                0x00001000                malloc_getpagesize_P = 0x1000
START GROUP
LOAD f:/truestudio for arm 5.4.2/armtools/bin/../lib/gcc/arm-atollic-eabi/4.8.3/armv7e-m/fpu\libgcc.a
LOAD f:/truestudio for arm 5.4.2/armtools/bin/../lib/gcc/arm-atollic-eabi/4.8.3/../../../../arm-atollic-eabi/lib/armv7e-m/fpu\libc.a
END GROUP
LOAD f:/truestudio for arm 5.4.2/armtools/bin/../lib/gcc/arm-atollic-eabi/4.8.3/armv7e-m/fpu/crtend.o
LOAD f:/truestudio for arm 5.4.2/armtools/bin/../lib/gcc/arm-atollic-eabi/4.8.3/armv7e-m/fpu/crtn.o
                0x20020000                _estack = 0x20020000
                0x00000000                _Min_Heap_Size = 0x0
                0x00000400                _Min_Stack_Size = 0x400

.isr_vector     0x08000000      0x188
                0x08000000                . = ALIGN (0x4)
 *(.isr_vector)
 .isr_vector    0x08000000      0x188 src\startup_stm32f40xx.o
                0x08000000                g_pfnVectors
                0x08000188                . = ALIGN (0x4)

.text           0x08000188     0x14c8
                0x08000188                . = ALIGN (0x4)
 *(.text)
 .text          0x08000188       0x40 f:/truestudio for arm 5.4.2/armtools/bin/../lib/gcc/arm-atollic-eabi/4.8.3/armv7e-m/fpu/crtbegin.o
 *(.text*)
 .text.SystemInit
                0x080001c8       0x68 src\system_stm32f4xx.o
                0x080001c8                SystemInit
 .text.SetSysClock
                0x08000230       0xf4 src\system_stm32f4xx.o
 .text.NMI_Handler
                0x08000324        0xc src\stm32f4xx_it.o
                0x08000324                NMI_Handler
 .text.HardFault_Handler
                0x08000330        0x8 src\stm32f4xx_it.o
                0x08000330                HardFault_Handler
 .text.MemManage_Handler
                0x08000338        0x8 src\stm32f4xx_it.o
                0x08000338                MemManage_Handler
 .text.BusFault_Handler
                0x08000340        0x8 src\stm32f4xx_it.o
                0x08000340                BusFault_Handler
 .text.UsageFault_Handler
                0x08000348        0x8 src\stm32f4xx_it.o
                0x08000348                UsageFault_Handler
 .text.SVC_Handler
                0x08000350        0xc src\stm32f4xx_it.o
                0x08000350                SVC_Handler
 .text.DebugMon_Handler
                0x0800035c        0xc src\stm32f4xx_it.o
                0x0800035c                DebugMon_Handler
 .text.PendSV_Handler
                0x08000368        0xc src\stm32f4xx_it.o
                0x08000368                PendSV_Handler
 .text.SysTick_Handler
                0x08000374        0xc src\stm32f4xx_it.o
                0x08000374                SysTick_Handler
 .text.Reset_Handler
                0x08000380       0x58 src\startup_stm32f40xx.o
                0x08000380                Reset_Handler
 .text.Default_Handler
                0x080003d8        0x4 src\startup_stm32f40xx.o
                0x080003d8                RTC_Alarm_IRQHandler
                0x080003d8                HASH_RNG_IRQHandler
                0x080003d8                EXTI2_IRQHandler
                0x080003d8                TIM8_CC_IRQHandler
                0x080003d8                TIM1_CC_IRQHandler
                0x080003d8                DMA2_Stream5_IRQHandler
                0x080003d8                DMA1_Stream5_IRQHandler
                0x080003d8                PVD_IRQHandler
                0x080003d8                SDIO_IRQHandler
                0x080003d8                TAMP_STAMP_IRQHandler
                0x080003d8                CAN2_RX1_IRQHandler
                0x080003d8                EXTI3_IRQHandler
                0x080003d8                TIM8_TRG_COM_TIM14_IRQHandler
                0x080003d8                TIM1_UP_TIM10_IRQHandler
                0x080003d8                TIM8_UP_TIM13_IRQHandler
                0x080003d8                I2C3_ER_IRQHandler
                0x080003d8                EXTI0_IRQHandler
                0x080003d8                I2C2_EV_IRQHandler
                0x080003d8                DMA1_Stream2_IRQHandler
                0x080003d8                CAN1_RX0_IRQHandler
                0x080003d8                FPU_IRQHandler
                0x080003d8                OTG_HS_WKUP_IRQHandler
                0x080003d8                CAN2_SCE_IRQHandler
                0x080003d8                DMA2_Stream2_IRQHandler
                0x080003d8                SPI1_IRQHandler
                0x080003d8                TIM6_DAC_IRQHandler
                0x080003d8                TIM1_BRK_TIM9_IRQHandler
                0x080003d8                DCMI_IRQHandler
                0x080003d8                CAN2_RX0_IRQHandler
                0x080003d8                DMA2_Stream3_IRQHandler
                0x080003d8                USART6_IRQHandler
                0x080003d8                USART3_IRQHandler
                0x080003d8                CRYP_IRQHandler
                0x080003d8                CAN1_RX1_IRQHandler
                0x080003d8                UART5_IRQHandler
                0x080003d8                DMA2_Stream0_IRQHandler
                0x080003d8                TIM4_IRQHandler
                0x080003d8                I2C1_EV_IRQHandler
                0x080003d8                DMA1_Stream6_IRQHandler
                0x080003d8                DMA1_Stream1_IRQHandler
                0x080003d8                UART4_IRQHandler
                0x080003d8                TIM3_IRQHandler
                0x080003d8                RCC_IRQHandler
                0x080003d8                TIM8_BRK_TIM12_IRQHandler
                0x080003d8                Default_Handler
                0x080003d8                EXTI15_10_IRQHandler
                0x080003d8                ADC_IRQHandler
                0x080003d8                TIM7_IRQHandler
                0x080003d8                CAN2_TX_IRQHandler
                0x080003d8                TIM5_IRQHandler
                0x080003d8                DMA2_Stream7_IRQHandler
                0x080003d8                I2C3_EV_IRQHandler
                0x080003d8                EXTI9_5_IRQHandler
                0x080003d8                RTC_WKUP_IRQHandler
                0x080003d8                ETH_WKUP_IRQHandler
                0x080003d8                SPI2_IRQHandler
                0x080003d8                OTG_HS_EP1_IN_IRQHandler
                0x080003d8                CAN1_TX_IRQHandler
                0x080003d8                EXTI4_IRQHandler
                0x080003d8                FSMC_IRQHandler
                0x080003d8                ETH_IRQHandler
                0x080003d8                OTG_HS_EP1_OUT_IRQHandler
                0x080003d8                WWDG_IRQHandler
                0x080003d8                TIM2_IRQHandler
                0x080003d8                OTG_FS_WKUP_IRQHandler
                0x080003d8                TIM1_TRG_COM_TIM11_IRQHandler
                0x080003d8                OTG_HS_IRQHandler
                0x080003d8                EXTI1_IRQHandler
                0x080003d8                USART2_IRQHandler
                0x080003d8                I2C2_ER_IRQHandler
                0x080003d8                DMA2_Stream1_IRQHandler
                0x080003d8                CAN1_SCE_IRQHandler
                0x080003d8                FLASH_IRQHandler
                0x080003d8                DMA2_Stream4_IRQHandler
                0x080003d8                USART1_IRQHandler
                0x080003d8                OTG_FS_IRQHandler
                0x080003d8                DMA1_Stream4_IRQHandler
                0x080003d8                I2C1_ER_IRQHandler
                0x080003d8                DMA2_Stream6_IRQHandler
                0x080003d8                DMA1_Stream3_IRQHandler
 .text.main     0x080003dc       0x44 src\main.o
                0x080003dc                main
 .text.EVAL_AUDIO_TransferComplete_CallBack
                0x08000420       0x18 src\main.o
                0x08000420                EVAL_AUDIO_TransferComplete_CallBack
 .text.EVAL_AUDIO_GetSampleCallBack
                0x08000438       0x14 src\main.o
                0x08000438                EVAL_AUDIO_GetSampleCallBack
 .text.Audio_MAL_IRQHandler
                0x0800044c       0xf8 Utilities\STM32F4-Discovery\stm32f4_discovery_audio_codec.o
 .text.DMA1_Stream7_IRQHandler
                0x08000544        0xc Utilities\STM32F4-Discovery\stm32f4_discovery_audio_codec.o
                0x08000544                DMA1_Stream7_IRQHandler
 .text.DMA1_Stream0_IRQHandler
                0x08000550        0xc Utilities\STM32F4-Discovery\stm32f4_discovery_audio_codec.o
                0x08000550                DMA1_Stream0_IRQHandler
 .text.SPI3_IRQHandler
                0x0800055c       0x40 Utilities\STM32F4-Discovery\stm32f4_discovery_audio_codec.o
                0x0800055c                SPI3_IRQHandler
 .text.TM_MPU6050_Init
                0x0800059c      0x174 Libraries\tm_stm32f4_mpu6050.o
                0x0800059c                TM_MPU6050_Init
 .text.TM_MPU6050_ReadAll
                0x08000710       0xc4 Libraries\tm_stm32f4_mpu6050.o
                0x08000710                TM_MPU6050_ReadAll
 .text.TM_I2C_Init
                0x080007d4      0x138 Libraries\tm_stm32f4_i2c.o
                0x080007d4                TM_I2C_Init
 .text.TM_I2C_Read
                0x0800090c       0x50 Libraries\tm_stm32f4_i2c.o
                0x0800090c                TM_I2C_Read
 .text.TM_I2C_ReadMulti
                0x0800095c       0x80 Libraries\tm_stm32f4_i2c.o
                0x0800095c                TM_I2C_ReadMulti
 .text.TM_I2C_Write
                0x080009dc       0x3c Libraries\tm_stm32f4_i2c.o
                0x080009dc                TM_I2C_Write
 .text.TM_I2C_Start
                0x08000a18      0x100 Libraries\tm_stm32f4_i2c.o
                0x08000a18                TM_I2C_Start
 .text.TM_I2C_WriteData
                0x08000b18       0x4c Libraries\tm_stm32f4_i2c.o
                0x08000b18                TM_I2C_WriteData
 .text.TM_I2C_ReadAck
                0x08000b64       0x60 Libraries\tm_stm32f4_i2c.o
                0x08000b64                TM_I2C_ReadAck
 .text.TM_I2C_ReadNack
                0x08000bc4       0x70 Libraries\tm_stm32f4_i2c.o
                0x08000bc4                TM_I2C_ReadNack
 .text.TM_I2C_Stop
                0x08000c34       0x68 Libraries\tm_stm32f4_i2c.o
                0x08000c34                TM_I2C_Stop
 .text.TM_I2C_IsDeviceConnected
                0x08000c9c       0x38 Libraries\tm_stm32f4_i2c.o
                0x08000c9c                TM_I2C_IsDeviceConnected
 .text.TM_I2C_InitCustomPinsCallback
                0x08000cd4       0x18 Libraries\tm_stm32f4_i2c.o
                0x08000cd4                TM_I2C_InitCustomPinsCallback
 .text.TM_I2C1_INT_InitPins
                0x08000cec       0x78 Libraries\tm_stm32f4_i2c.o
                0x08000cec                TM_I2C1_INT_InitPins
 .text.TM_I2C2_INT_InitPins
                0x08000d64       0x80 Libraries\tm_stm32f4_i2c.o
                0x08000d64                TM_I2C2_INT_InitPins
 .text.TM_I2C3_INT_InitPins
                0x08000de4       0x7c Libraries\tm_stm32f4_i2c.o
                0x08000de4                TM_I2C3_INT_InitPins
 .text.TM_GPIO_InitAlternate
                0x08000e60       0x98 Libraries\tm_stm32f4_gpio.o
                0x08000e60                TM_GPIO_InitAlternate
 .text.TM_GPIO_GetPortSource
                0x08000ef8       0x24 Libraries\tm_stm32f4_gpio.o
                0x08000ef8                TM_GPIO_GetPortSource
 .text.TM_GPIO_INT_EnableClock
                0x08000f1c       0x2c Libraries\tm_stm32f4_gpio.o
                0x08000f1c                TM_GPIO_INT_EnableClock
 .text.TM_GPIO_INT_Init
                0x08000f48       0xfc Libraries\tm_stm32f4_gpio.o
                0x08000f48                TM_GPIO_INT_Init
 .text.SPI_I2S_SendData
                0x08001044       0x1c Libraries\STM32F4xx_StdPeriph_Driver\src\stm32f4xx_spi.o
                0x08001044                SPI_I2S_SendData
 .text.SPI_I2S_GetFlagStatus
                0x08001060       0x38 Libraries\STM32F4xx_StdPeriph_Driver\src\stm32f4xx_spi.o
                0x08001060                SPI_I2S_GetFlagStatus
 .text.RCC_GetClocksFreq
                0x08001098      0x154 Libraries\STM32F4xx_StdPeriph_Driver\src\stm32f4xx_rcc.o
                0x08001098                RCC_GetClocksFreq
 .text.I2C_Init
                0x080011ec      0x184 Libraries\STM32F4xx_StdPeriph_Driver\src\stm32f4xx_i2c.o
                0x080011ec                I2C_Init
 .text.I2C_CheckEvent
                0x08001370       0x60 Libraries\STM32F4xx_StdPeriph_Driver\src\stm32f4xx_i2c.o
                0x08001370                I2C_CheckEvent
 .text.DMA_Init
                0x080013d0       0xac Libraries\STM32F4xx_StdPeriph_Driver\src\stm32f4xx_dma.o
                0x080013d0                DMA_Init
 .text.DMA_Cmd  0x0800147c       0x38 Libraries\STM32F4xx_StdPeriph_Driver\src\stm32f4xx_dma.o
                0x0800147c                DMA_Cmd
 .text.DMA_GetCmdStatus
                0x080014b4       0x30 Libraries\STM32F4xx_StdPeriph_Driver\src\stm32f4xx_dma.o
                0x080014b4                DMA_GetCmdStatus
 .text.DMA_GetFlagStatus
                0x080014e4       0x78 Libraries\STM32F4xx_StdPeriph_Driver\src\stm32f4xx_dma.o
                0x080014e4                DMA_GetFlagStatus
 .text.DMA_ClearFlag
                0x0800155c       0x5c Libraries\STM32F4xx_StdPeriph_Driver\src\stm32f4xx_dma.o
                0x0800155c                DMA_ClearFlag
 .text.DAC_SetChannel1Data
                0x080015b8       0x34 Libraries\STM32F4xx_StdPeriph_Driver\src\stm32f4xx_dac.o
                0x080015b8                DAC_SetChannel1Data
 .text.__libc_init_array
                0x080015ec       0x4c f:/truestudio for arm 5.4.2/armtools/bin/../lib/gcc/arm-atollic-eabi/4.8.3/../../../../arm-atollic-eabi/lib/armv7e-m/fpu\libc_s.a(lib_a-init.o)
                0x080015ec                __libc_init_array
 *(.glue_7)
 .glue_7        0x00000000        0x0 linker stubs
 *(.glue_7t)
 .glue_7t       0x00000000        0x0 linker stubs
 *(.eh_frame)
 .eh_frame      0x08001638        0x0 f:/truestudio for arm 5.4.2/armtools/bin/../lib/gcc/arm-atollic-eabi/4.8.3/armv7e-m/fpu/crtbegin.o
 *(.init)
 .init          0x08001638        0x4 f:/truestudio for arm 5.4.2/armtools/bin/../lib/gcc/arm-atollic-eabi/4.8.3/armv7e-m/fpu/crti.o
                0x08001638                _init
 .init          0x0800163c        0x8 f:/truestudio for arm 5.4.2/armtools/bin/../lib/gcc/arm-atollic-eabi/4.8.3/armv7e-m/fpu/crtn.o
 *(.fini)
 .fini          0x08001644        0x4 f:/truestudio for arm 5.4.2/armtools/bin/../lib/gcc/arm-atollic-eabi/4.8.3/armv7e-m/fpu/crti.o
                0x08001644                _fini
 .fini          0x08001648        0x8 f:/truestudio for arm 5.4.2/armtools/bin/../lib/gcc/arm-atollic-eabi/4.8.3/armv7e-m/fpu/crtn.o
                0x08001650                . = ALIGN (0x4)
                0x08001650                _etext = .

.vfp11_veneer   0x08001650        0x0
 .vfp11_veneer  0x00000000        0x0 linker stubs

.v4_bx          0x08001650        0x0
 .v4_bx         0x00000000        0x0 linker stubs

.iplt           0x08001650        0x0
 .iplt          0x00000000        0x0 f:/truestudio for arm 5.4.2/armtools/bin/../lib/gcc/arm-atollic-eabi/4.8.3/armv7e-m/fpu/crtbegin.o

.rel.dyn        0x08001650        0x0
 .rel.iplt      0x00000000        0x0 f:/truestudio for arm 5.4.2/armtools/bin/../lib/gcc/arm-atollic-eabi/4.8.3/armv7e-m/fpu/crtbegin.o

.rodata         0x08001650        0x0
                0x08001650                . = ALIGN (0x4)
 *(.rodata)
 *(.rodata*)
                0x08001650                . = ALIGN (0x4)

.ARM.extab
 *(.ARM.extab* .gnu.linkonce.armextab.*)

.ARM            0x08001650        0x0
                0x08001650                __exidx_start = .
 *(.ARM.exidx*)
                0x08001650                __exidx_end = .

.preinit_array  0x08001650        0x0
                0x08001650                PROVIDE (__preinit_array_start, .)
 *(.preinit_array*)
                0x08001650                PROVIDE (__preinit_array_end, .)

.init_array     0x08001650        0x4
                0x08001650                PROVIDE (__init_array_start, .)
 *(SORT(.init_array.*))
 *(.init_array*)
 .init_array    0x08001650        0x4 f:/truestudio for arm 5.4.2/armtools/bin/../lib/gcc/arm-atollic-eabi/4.8.3/armv7e-m/fpu/crtbegin.o
                0x08001654                PROVIDE (__init_array_end, .)

.fini_array     0x08001654        0x4
                0x08001654                PROVIDE (__fini_array_start, .)
 *(SORT(.fini_array.*))
 *(.fini_array*)
 .fini_array    0x08001654        0x4 f:/truestudio for arm 5.4.2/armtools/bin/../lib/gcc/arm-atollic-eabi/4.8.3/armv7e-m/fpu/crtbegin.o
                0x08001658                PROVIDE (__fini_array_end, .)
                0x08001658                _sidata = LOADADDR (.data)

.data           0x20000000       0x2c load address 0x08001658
                0x20000000                . = ALIGN (0x4)
                0x20000000                _sdata = .
 *(.data)
 *(.data*)
 .data.AudioRemSize
                0x20000000        0x4 Utilities\STM32F4-Discovery\stm32f4_discovery_audio_codec.o
                0x20000000                AudioRemSize
 .data.CurrAudioInterface
                0x20000004        0x4 Utilities\STM32F4-Discovery\stm32f4_discovery_audio_codec.o
                0x20000004                CurrAudioInterface
 .data.AUDIO_MAL_DMA_STREAM
                0x20000008        0x4 Utilities\STM32F4-Discovery\stm32f4_discovery_audio_codec.o
                0x20000008                AUDIO_MAL_DMA_STREAM
 .data.AUDIO_MAL_DMA_FLAG_TC
                0x2000000c        0x4 Utilities\STM32F4-Discovery\stm32f4_discovery_audio_codec.o
                0x2000000c                AUDIO_MAL_DMA_FLAG_TC
 .data.TM_I2C_INT_Clocks
                0x20000010        0xc Libraries\tm_stm32f4_i2c.o
 .data.APBAHBPrescTable
                0x2000001c       0x10 Libraries\STM32F4xx_StdPeriph_Driver\src\stm32f4xx_rcc.o
                0x2000002c                . = ALIGN (0x4)
                0x2000002c                _edata = .
                0x08001684                _siccmram = LOADADDR (.ccmram)

.igot.plt       0x2000002c        0x0 load address 0x08001684
 .igot.plt      0x00000000        0x0 f:/truestudio for arm 5.4.2/armtools/bin/../lib/gcc/arm-atollic-eabi/4.8.3/armv7e-m/fpu/crtbegin.o

.ccmram         0x10000000        0x0 load address 0x08001684
                0x10000000                . = ALIGN (0x4)
                0x10000000                _sccmram = .
 *(.ccmram)
 *(.ccmram*)
                0x10000000                . = ALIGN (0x4)
                0x10000000                _eccmram = .
                0x10000000                . = ALIGN (0x4)

.bss            0x2000002c       0xb4
                0x2000002c                _sbss = .
                0x2000002c                __bss_start__ = _sbss
 *(.bss)
 .bss           0x2000002c       0x1c f:/truestudio for arm 5.4.2/armtools/bin/../lib/gcc/arm-atollic-eabi/4.8.3/armv7e-m/fpu/crtbegin.o
 *(.bss*)
 .bss.TM_I2C_Timeout
                0x20000048        0x4 Libraries\tm_stm32f4_i2c.o
 .bss.GPIO_UsedPins
                0x2000004c       0x18 Libraries\tm_stm32f4_gpio.o
 *(COMMON)
 COMMON         0x20000064       0x7c Utilities\STM32F4-Discovery\stm32f4_discovery_audio_codec.o
                0x20000064                CurrentPos
                0x20000068                AUDIO_MAL_DMA_InitStructure
                0x200000a4                DMA_InitStructure
                0x200000e0                . = ALIGN (0x4)
                0x200000e0                _ebss = .
                0x200000e0                __bss_end__ = _ebss

._user_heap_stack
                0x200000e0      0x400
                0x200000e0                . = ALIGN (0x4)
                0x200000e0                PROVIDE (end, .)
                0x200000e0                PROVIDE (_end, .)
                0x200000e0                . = (. + _Min_Heap_Size)
                0x200004e0                . = (. + _Min_Stack_Size)
 *fill*         0x200000e0      0x400 
                0x200004e0                . = ALIGN (0x4)

.memory_b1_text
 *(.mb1text)
 *(.mb1text*)
 *(.mb1rodata)
 *(.mb1rodata*)

/DISCARD/
 libc.a(*)
 libm.a(*)
 libgcc.a(*)

.ARM.attributes
                0x00000000       0x30
 *(.ARM.attributes)
 .ARM.attributes
                0x00000000       0x22 f:/truestudio for arm 5.4.2/armtools/bin/../lib/gcc/arm-atollic-eabi/4.8.3/armv7e-m/fpu/crti.o
 .ARM.attributes
                0x00000022       0x34 f:/truestudio for arm 5.4.2/armtools/bin/../lib/gcc/arm-atollic-eabi/4.8.3/armv7e-m/fpu/crtbegin.o
 .ARM.attributes
                0x00000056       0x39 src\system_stm32f4xx.o
 .ARM.attributes
                0x0000008f       0x39 src\stm32f4xx_it.o
 .ARM.attributes
                0x000000c8       0x21 src\startup_stm32f40xx.o
 .ARM.attributes
                0x000000e9       0x39 src\main.o
 .ARM.attributes
                0x00000122       0x39 Utilities\STM32F4-Discovery\stm32f4_discovery_audio_codec.o
 .ARM.attributes
                0x0000015b       0x39 Libraries\tm_stm32f4_mpu6050.o
 .ARM.attributes
                0x00000194       0x39 Libraries\tm_stm32f4_i2c.o
 .ARM.attributes
                0x000001cd       0x39 Libraries\tm_stm32f4_gpio.o
 .ARM.attributes
                0x00000206       0x39 Libraries\STM32F4xx_StdPeriph_Driver\src\stm32f4xx_spi.o
 .ARM.attributes
                0x0000023f       0x39 Libraries\STM32F4xx_StdPeriph_Driver\src\stm32f4xx_rcc.o
 .ARM.attributes
                0x00000278       0x39 Libraries\STM32F4xx_StdPeriph_Driver\src\stm32f4xx_i2c.o
 .ARM.attributes
                0x000002b1       0x39 Libraries\STM32F4xx_StdPeriph_Driver\src\stm32f4xx_dma.o
 .ARM.attributes
                0x000002ea       0x39 Libraries\STM32F4xx_StdPeriph_Driver\src\stm32f4xx_dac.o
 .ARM.attributes
                0x00000323       0x34 f:/truestudio for arm 5.4.2/armtools/bin/../lib/gcc/arm-atollic-eabi/4.8.3/../../../../arm-atollic-eabi/lib/armv7e-m/fpu\libc_s.a(lib_a-init.o)
 .ARM.attributes
                0x00000357       0x22 f:/truestudio for arm 5.4.2/armtools/bin/../lib/gcc/arm-atollic-eabi/4.8.3/armv7e-m/fpu/crtn.o
OUTPUT(MPU-9150.elf elf32-littlearm)

.debug_info     0x00000000     0x629d
 .debug_info    0x00000000      0x5a3 src\system_stm32f4xx.o
 .debug_info    0x000005a3      0x133 src\stm32f4xx_it.o
 .debug_info    0x000006d6       0x72 src\startup_stm32f40xx.o
 .debug_info    0x00000748      0x2b7 src\main.o
 .debug_info    0x000009ff     0x1090 Utilities\STM32F4-Discovery\stm32f4_discovery_audio_codec.o
 .debug_info    0x00001a8f      0x4ec Libraries\tm_stm32f4_mpu6050.o
 .debug_info    0x00001f7b      0xa76 Libraries\tm_stm32f4_i2c.o
 .debug_info    0x000029f1      0x821 Libraries\tm_stm32f4_gpio.o
 .debug_info    0x00003212      0xb0b Libraries\STM32F4xx_StdPeriph_Driver\src\stm32f4xx_spi.o
 .debug_info    0x00003d1d      0xc77 Libraries\STM32F4xx_StdPeriph_Driver\src\stm32f4xx_rcc.o
 .debug_info    0x00004994      0xb8b Libraries\STM32F4xx_StdPeriph_Driver\src\stm32f4xx_i2c.o
 .debug_info    0x0000551f      0x73d Libraries\STM32F4xx_StdPeriph_Driver\src\stm32f4xx_dma.o
 .debug_info    0x00005c5c      0x641 Libraries\STM32F4xx_StdPeriph_Driver\src\stm32f4xx_dac.o

.debug_abbrev   0x00000000     0x10eb
 .debug_abbrev  0x00000000      0x138 src\system_stm32f4xx.o
 .debug_abbrev  0x00000138       0x67 src\stm32f4xx_it.o
 .debug_abbrev  0x0000019f       0x12 src\startup_stm32f40xx.o
 .debug_abbrev  0x000001b1      0x110 src\main.o
 .debug_abbrev  0x000002c1      0x258 Utilities\STM32F4-Discovery\stm32f4_discovery_audio_codec.o
 .debug_abbrev  0x00000519      0x10e Libraries\tm_stm32f4_mpu6050.o
 .debug_abbrev  0x00000627      0x1ea Libraries\tm_stm32f4_i2c.o
 .debug_abbrev  0x00000811      0x151 Libraries\tm_stm32f4_gpio.o
 .debug_abbrev  0x00000962      0x169 Libraries\STM32F4xx_StdPeriph_Driver\src\stm32f4xx_spi.o
 .debug_abbrev  0x00000acb      0x1e5 Libraries\STM32F4xx_StdPeriph_Driver\src\stm32f4xx_rcc.o
 .debug_abbrev  0x00000cb0      0x166 Libraries\STM32F4xx_StdPeriph_Driver\src\stm32f4xx_i2c.o
 .debug_abbrev  0x00000e16      0x157 Libraries\STM32F4xx_StdPeriph_Driver\src\stm32f4xx_dma.o
 .debug_abbrev  0x00000f6d      0x17e Libraries\STM32F4xx_StdPeriph_Driver\src\stm32f4xx_dac.o

.debug_aranges  0x00000000      0x880
 .debug_aranges
                0x00000000       0x30 src\system_stm32f4xx.o
 .debug_aranges
                0x00000030       0x60 src\stm32f4xx_it.o
 .debug_aranges
                0x00000090       0x28 src\startup_stm32f40xx.o
 .debug_aranges
                0x000000b8       0x30 src\main.o
 .debug_aranges
                0x000000e8      0x130 Utilities\STM32F4-Discovery\stm32f4_discovery_audio_codec.o
 .debug_aranges
                0x00000218       0x40 Libraries\tm_stm32f4_mpu6050.o
 .debug_aranges
                0x00000258       0xb0 Libraries\tm_stm32f4_i2c.o
 .debug_aranges
                0x00000308       0x98 Libraries\tm_stm32f4_gpio.o
 .debug_aranges
                0x000003a0       0xe0 Libraries\STM32F4xx_StdPeriph_Driver\src\stm32f4xx_spi.o
 .debug_aranges
                0x00000480      0x180 Libraries\STM32F4xx_StdPeriph_Driver\src\stm32f4xx_rcc.o
 .debug_aranges
                0x00000600      0x130 Libraries\STM32F4xx_StdPeriph_Driver\src\stm32f4xx_i2c.o
 .debug_aranges
                0x00000730       0xb0 Libraries\STM32F4xx_StdPeriph_Driver\src\stm32f4xx_dma.o
 .debug_aranges
                0x000007e0       0xa0 Libraries\STM32F4xx_StdPeriph_Driver\src\stm32f4xx_dac.o

.debug_ranges   0x00000000      0x7b8
 .debug_ranges  0x00000000       0x20 src\system_stm32f4xx.o
 .debug_ranges  0x00000020       0x50 src\stm32f4xx_it.o
 .debug_ranges  0x00000070       0x20 src\startup_stm32f40xx.o
 .debug_ranges  0x00000090       0x20 src\main.o
 .debug_ranges  0x000000b0      0x120 Utilities\STM32F4-Discovery\stm32f4_discovery_audio_codec.o
 .debug_ranges  0x000001d0       0x30 Libraries\tm_stm32f4_mpu6050.o
 .debug_ranges  0x00000200       0xa0 Libraries\tm_stm32f4_i2c.o
 .debug_ranges  0x000002a0       0x88 Libraries\tm_stm32f4_gpio.o
 .debug_ranges  0x00000328       0xd0 Libraries\STM32F4xx_StdPeriph_Driver\src\stm32f4xx_spi.o
 .debug_ranges  0x000003f8      0x170 Libraries\STM32F4xx_StdPeriph_Driver\src\stm32f4xx_rcc.o
 .debug_ranges  0x00000568      0x120 Libraries\STM32F4xx_StdPeriph_Driver\src\stm32f4xx_i2c.o
 .debug_ranges  0x00000688       0xa0 Libraries\STM32F4xx_StdPeriph_Driver\src\stm32f4xx_dma.o
 .debug_ranges  0x00000728       0x90 Libraries\STM32F4xx_StdPeriph_Driver\src\stm32f4xx_dac.o

.debug_line     0x00000000     0x2911
 .debug_line    0x00000000      0x1bc src\system_stm32f4xx.o
 .debug_line    0x000001bc      0x1aa src\stm32f4xx_it.o
 .debug_line    0x00000366       0x7a src\startup_stm32f40xx.o
 .debug_line    0x000003e0      0x150 src\main.o
 .debug_line    0x00000530      0x6b1 Utilities\STM32F4-Discovery\stm32f4_discovery_audio_codec.o
 .debug_line    0x00000be1      0x1fd Libraries\tm_stm32f4_mpu6050.o
 .debug_line    0x00000dde      0x3b9 Libraries\tm_stm32f4_i2c.o
 .debug_line    0x00001197      0x309 Libraries\tm_stm32f4_gpio.o
 .debug_line    0x000014a0      0x40d Libraries\STM32F4xx_StdPeriph_Driver\src\stm32f4xx_spi.o
 .debug_line    0x000018ad      0x53a Libraries\STM32F4xx_StdPeriph_Driver\src\stm32f4xx_rcc.o
 .debug_line    0x00001de7      0x492 Libraries\STM32F4xx_StdPeriph_Driver\src\stm32f4xx_i2c.o
 .debug_line    0x00002279      0x38e Libraries\STM32F4xx_StdPeriph_Driver\src\stm32f4xx_dma.o
 .debug_line    0x00002607      0x30a Libraries\STM32F4xx_StdPeriph_Driver\src\stm32f4xx_dac.o

.debug_str      0x00000000     0x2b6b
 .debug_str     0x00000000      0x381 src\system_stm32f4xx.o
                                0x3f5 (size before relaxing)
 .debug_str     0x00000381       0xa6 src\stm32f4xx_it.o
                                0x23e (size before relaxing)
 .debug_str     0x00000427      0x26b src\main.o
                                0x463 (size before relaxing)
 .debug_str     0x00000692      0xded Utilities\STM32F4-Discovery\stm32f4_discovery_audio_codec.o
                               0x10d6 (size before relaxing)
 .debug_str     0x0000147f      0x188 Libraries\tm_stm32f4_mpu6050.o
                                0x5e2 (size before relaxing)
 .debug_str     0x00001607      0x2cb Libraries\tm_stm32f4_i2c.o
                                0x6db (size before relaxing)
 .debug_str     0x000018d2      0x20d Libraries\tm_stm32f4_gpio.o
                                0x5f6 (size before relaxing)
 .debug_str     0x00001adf      0x33f Libraries\STM32F4xx_StdPeriph_Driver\src\stm32f4xx_spi.o
                                0x6ed (size before relaxing)
 .debug_str     0x00001e1e      0x585 Libraries\STM32F4xx_StdPeriph_Driver\src\stm32f4xx_rcc.o
                                0x8dc (size before relaxing)
 .debug_str     0x000023a3      0x354 Libraries\STM32F4xx_StdPeriph_Driver\src\stm32f4xx_i2c.o
                                0x715 (size before relaxing)
 .debug_str     0x000026f7      0x25a Libraries\STM32F4xx_StdPeriph_Driver\src\stm32f4xx_dma.o
                                0x5a5 (size before relaxing)
 .debug_str     0x00002951      0x21a Libraries\STM32F4xx_StdPeriph_Driver\src\stm32f4xx_dac.o
                                0x4b6 (size before relaxing)

.comment        0x00000000       0x82
 .comment       0x00000000       0x82 src\system_stm32f4xx.o
                                 0x83 (size before relaxing)
 .comment       0x00000000       0x83 src\stm32f4xx_it.o
 .comment       0x00000000       0x83 src\main.o
 .comment       0x00000000       0x83 Utilities\STM32F4-Discovery\stm32f4_discovery_audio_codec.o
 .comment       0x00000000       0x83 Libraries\tm_stm32f4_mpu6050.o
 .comment       0x00000000       0x83 Libraries\tm_stm32f4_i2c.o
 .comment       0x00000000       0x83 Libraries\tm_stm32f4_gpio.o
 .comment       0x00000000       0x83 Libraries\STM32F4xx_StdPeriph_Driver\src\stm32f4xx_spi.o
 .comment       0x00000000       0x83 Libraries\STM32F4xx_StdPeriph_Driver\src\stm32f4xx_rcc.o
 .comment       0x00000000       0x83 Libraries\STM32F4xx_StdPeriph_Driver\src\stm32f4xx_i2c.o
 .comment       0x00000000       0x83 Libraries\STM32F4xx_StdPeriph_Driver\src\stm32f4xx_dma.o
 .comment       0x00000000       0x83 Libraries\STM32F4xx_StdPeriph_Driver\src\stm32f4xx_dac.o

.debug_frame    0x00000000     0x1ae0
 .debug_frame   0x00000000       0x64 src\system_stm32f4xx.o
 .debug_frame   0x00000064       0xe8 src\stm32f4xx_it.o
 .debug_frame   0x0000014c       0x64 src\main.o
 .debug_frame   0x000001b0      0x438 Utilities\STM32F4-Discovery\stm32f4_discovery_audio_codec.o
 .debug_frame   0x000005e8       0xb0 Libraries\tm_stm32f4_mpu6050.o
 .debug_frame   0x00000698      0x264 Libraries\tm_stm32f4_i2c.o
 .debug_frame   0x000008fc      0x1f8 Libraries\tm_stm32f4_gpio.o
 .debug_frame   0x00000af4      0x2d0 Libraries\STM32F4xx_StdPeriph_Driver\src\stm32f4xx_spi.o
 .debug_frame   0x00000dc4      0x4f4 Libraries\STM32F4xx_StdPeriph_Driver\src\stm32f4xx_rcc.o
 .debug_frame   0x000012b8      0x3ec Libraries\STM32F4xx_StdPeriph_Driver\src\stm32f4xx_i2c.o
 .debug_frame   0x000016a4      0x224 Libraries\STM32F4xx_StdPeriph_Driver\src\stm32f4xx_dma.o
 .debug_frame   0x000018c8      0x1ec Libraries\STM32F4xx_StdPeriph_Driver\src\stm32f4xx_dac.o
 .debug_frame   0x00001ab4       0x2c f:/truestudio for arm 5.4.2/armtools/bin/../lib/gcc/arm-atollic-eabi/4.8.3/../../../../arm-atollic-eabi/lib/armv7e-m/fpu\libc_s.a(lib_a-init.o)

Cross Reference Table

Symbol                                            File
ADC_AnalogWatchdogCmd                             Libraries\STM32F4xx_StdPeriph_Driver\src\stm32f4xx_adc.o
ADC_AnalogWatchdogSingleChannelConfig             Libraries\STM32F4xx_StdPeriph_Driver\src\stm32f4xx_adc.o
ADC_AnalogWatchdogThresholdsConfig                Libraries\STM32F4xx_StdPeriph_Driver\src\stm32f4xx_adc.o
ADC_AutoInjectedConvCmd                           Libraries\STM32F4xx_StdPeriph_Driver\src\stm32f4xx_adc.o
ADC_ClearFlag                                     Libraries\STM32F4xx_StdPeriph_Driver\src\stm32f4xx_adc.o
ADC_ClearITPendingBit                             Libraries\STM32F4xx_StdPeriph_Driver\src\stm32f4xx_adc.o
ADC_Cmd                                           Libraries\STM32F4xx_StdPeriph_Driver\src\stm32f4xx_adc.o
ADC_CommonInit                                    Libraries\STM32F4xx_StdPeriph_Driver\src\stm32f4xx_adc.o
ADC_CommonStructInit                              Libraries\STM32F4xx_StdPeriph_Driver\src\stm32f4xx_adc.o
ADC_ContinuousModeCmd                             Libraries\STM32F4xx_StdPeriph_Driver\src\stm32f4xx_adc.o
ADC_DMACmd                                        Libraries\STM32F4xx_StdPeriph_Driver\src\stm32f4xx_adc.o
ADC_DMARequestAfterLastTransferCmd                Libraries\STM32F4xx_StdPeriph_Driver\src\stm32f4xx_adc.o
ADC_DeInit                                        Libraries\STM32F4xx_StdPeriph_Driver\src\stm32f4xx_adc.o
ADC_DiscModeChannelCountConfig                    Libraries\STM32F4xx_StdPeriph_Driver\src\stm32f4xx_adc.o
ADC_DiscModeCmd                                   Libraries\STM32F4xx_StdPeriph_Driver\src\stm32f4xx_adc.o
ADC_EOCOnEachRegularChannelCmd                    Libraries\STM32F4xx_StdPeriph_Driver\src\stm32f4xx_adc.o
ADC_ExternalTrigInjectedConvConfig                Libraries\STM32F4xx_StdPeriph_Driver\src\stm32f4xx_adc.o
ADC_ExternalTrigInjectedConvEdgeConfig            Libraries\STM32F4xx_StdPeriph_Driver\src\stm32f4xx_adc.o
ADC_GetConversionValue                            Libraries\STM32F4xx_StdPeriph_Driver\src\stm32f4xx_adc.o
ADC_GetFlagStatus                                 Libraries\STM32F4xx_StdPeriph_Driver\src\stm32f4xx_adc.o
ADC_GetITStatus                                   Libraries\STM32F4xx_StdPeriph_Driver\src\stm32f4xx_adc.o
ADC_GetInjectedConversionValue                    Libraries\STM32F4xx_StdPeriph_Driver\src\stm32f4xx_adc.o
ADC_GetMultiModeConversionValue                   Libraries\STM32F4xx_StdPeriph_Driver\src\stm32f4xx_adc.o
ADC_GetSoftwareStartConvStatus                    Libraries\STM32F4xx_StdPeriph_Driver\src\stm32f4xx_adc.o
ADC_GetSoftwareStartInjectedConvCmdStatus         Libraries\STM32F4xx_StdPeriph_Driver\src\stm32f4xx_adc.o
ADC_IRQHandler                                    src\startup_stm32f40xx.o
ADC_ITConfig                                      Libraries\STM32F4xx_StdPeriph_Driver\src\stm32f4xx_adc.o
ADC_Init                                          Libraries\STM32F4xx_StdPeriph_Driver\src\stm32f4xx_adc.o
ADC_InjectedChannelConfig                         Libraries\STM32F4xx_StdPeriph_Driver\src\stm32f4xx_adc.o
ADC_InjectedDiscModeCmd                           Libraries\STM32F4xx_StdPeriph_Driver\src\stm32f4xx_adc.o
ADC_InjectedSequencerLengthConfig                 Libraries\STM32F4xx_StdPeriph_Driver\src\stm32f4xx_adc.o
ADC_MultiModeDMARequestAfterLastTransferCmd       Libraries\STM32F4xx_StdPeriph_Driver\src\stm32f4xx_adc.o
ADC_RegularChannelConfig                          Libraries\STM32F4xx_StdPeriph_Driver\src\stm32f4xx_adc.o
ADC_SetInjectedOffset                             Libraries\STM32F4xx_StdPeriph_Driver\src\stm32f4xx_adc.o
ADC_SoftwareStartConv                             Libraries\STM32F4xx_StdPeriph_Driver\src\stm32f4xx_adc.o
ADC_SoftwareStartInjectedConv                     Libraries\STM32F4xx_StdPeriph_Driver\src\stm32f4xx_adc.o
ADC_StructInit                                    Libraries\STM32F4xx_StdPeriph_Driver\src\stm32f4xx_adc.o
ADC_TempSensorVrefintCmd                          Libraries\STM32F4xx_StdPeriph_Driver\src\stm32f4xx_adc.o
ADC_VBATCmd                                       Libraries\STM32F4xx_StdPeriph_Driver\src\stm32f4xx_adc.o
AHBPrescTable                                     src\system_stm32f4xx.o
AUDIO_MAL_DMA_CHANNEL                             Utilities\STM32F4-Discovery\stm32f4_discovery_audio_codec.o
AUDIO_MAL_DMA_CLOCK                               Utilities\STM32F4-Discovery\stm32f4_discovery_audio_codec.o
AUDIO_MAL_DMA_DREG                                Utilities\STM32F4-Discovery\stm32f4_discovery_audio_codec.o
AUDIO_MAL_DMA_FLAG_DME                            Utilities\STM32F4-Discovery\stm32f4_discovery_audio_codec.o
AUDIO_MAL_DMA_FLAG_FE                             Utilities\STM32F4-Discovery\stm32f4_discovery_audio_codec.o
AUDIO_MAL_DMA_FLAG_HT                             Utilities\STM32F4-Discovery\stm32f4_discovery_audio_codec.o
AUDIO_MAL_DMA_FLAG_TC                             Utilities\STM32F4-Discovery\stm32f4_discovery_audio_codec.o
AUDIO_MAL_DMA_FLAG_TE                             Utilities\STM32F4-Discovery\stm32f4_discovery_audio_codec.o
AUDIO_MAL_DMA_IRQ                                 Utilities\STM32F4-Discovery\stm32f4_discovery_audio_codec.o
AUDIO_MAL_DMA_InitStructure                       Utilities\STM32F4-Discovery\stm32f4_discovery_audio_codec.o
AUDIO_MAL_DMA_STREAM                              Utilities\STM32F4-Discovery\stm32f4_discovery_audio_codec.o
AudioRemSize                                      Utilities\STM32F4-Discovery\stm32f4_discovery_audio_codec.o
AudioTotalSize                                    Utilities\STM32F4-Discovery\stm32f4_discovery_audio_codec.o
Audio_MAL_Play                                    Utilities\STM32F4-Discovery\stm32f4_discovery_audio_codec.o
BUTTON_CLK                                        Utilities\STM32F4-Discovery\stm32f4_discovery.o
BUTTON_EXTI_LINE                                  Utilities\STM32F4-Discovery\stm32f4_discovery.o
BUTTON_IRQn                                       Utilities\STM32F4-Discovery\stm32f4_discovery.o
BUTTON_PIN                                        Utilities\STM32F4-Discovery\stm32f4_discovery.o
BUTTON_PIN_SOURCE                                 Utilities\STM32F4-Discovery\stm32f4_discovery.o
BUTTON_PORT                                       Utilities\STM32F4-Discovery\stm32f4_discovery.o
BUTTON_PORT_SOURCE                                Utilities\STM32F4-Discovery\stm32f4_discovery.o
BusFault_Handler                                  src\stm32f4xx_it.o
CAN1_RX0_IRQHandler                               src\startup_stm32f40xx.o
CAN1_RX1_IRQHandler                               src\startup_stm32f40xx.o
CAN1_SCE_IRQHandler                               src\startup_stm32f40xx.o
CAN1_TX_IRQHandler                                src\startup_stm32f40xx.o
CAN2_RX0_IRQHandler                               src\startup_stm32f40xx.o
CAN2_RX1_IRQHandler                               src\startup_stm32f40xx.o
CAN2_SCE_IRQHandler                               src\startup_stm32f40xx.o
CAN2_TX_IRQHandler                                src\startup_stm32f40xx.o
CAN_CancelTransmit                                Libraries\STM32F4xx_StdPeriph_Driver\src\stm32f4xx_can.o
CAN_ClearFlag                                     Libraries\STM32F4xx_StdPeriph_Driver\src\stm32f4xx_can.o
CAN_ClearITPendingBit                             Libraries\STM32F4xx_StdPeriph_Driver\src\stm32f4xx_can.o
CAN_DBGFreeze                                     Libraries\STM32F4xx_StdPeriph_Driver\src\stm32f4xx_can.o
CAN_DeInit                                        Libraries\STM32F4xx_StdPeriph_Driver\src\stm32f4xx_can.o
CAN_FIFORelease                                   Libraries\STM32F4xx_StdPeriph_Driver\src\stm32f4xx_can.o
CAN_FilterInit                                    Libraries\STM32F4xx_StdPeriph_Driver\src\stm32f4xx_can.o
CAN_GetFlagStatus                                 Libraries\STM32F4xx_StdPeriph_Driver\src\stm32f4xx_can.o
CAN_GetITStatus                                   Libraries\STM32F4xx_StdPeriph_Driver\src\stm32f4xx_can.o
CAN_GetLSBTransmitErrorCounter                    Libraries\STM32F4xx_StdPeriph_Driver\src\stm32f4xx_can.o
CAN_GetLastErrorCode                              Libraries\STM32F4xx_StdPeriph_Driver\src\stm32f4xx_can.o
CAN_GetReceiveErrorCounter                        Libraries\STM32F4xx_StdPeriph_Driver\src\stm32f4xx_can.o
CAN_ITConfig                                      Libraries\STM32F4xx_StdPeriph_Driver\src\stm32f4xx_can.o
CAN_Init                                          Libraries\STM32F4xx_StdPeriph_Driver\src\stm32f4xx_can.o
CAN_MessagePending                                Libraries\STM32F4xx_StdPeriph_Driver\src\stm32f4xx_can.o
CAN_OperatingModeRequest                          Libraries\STM32F4xx_StdPeriph_Driver\src\stm32f4xx_can.o
CAN_Receive                                       Libraries\STM32F4xx_StdPeriph_Driver\src\stm32f4xx_can.o
CAN_SlaveStartBank                                Libraries\STM32F4xx_StdPeriph_Driver\src\stm32f4xx_can.o
CAN_Sleep                                         Libraries\STM32F4xx_StdPeriph_Driver\src\stm32f4xx_can.o
CAN_StructInit                                    Libraries\STM32F4xx_StdPeriph_Driver\src\stm32f4xx_can.o
CAN_TTComModeCmd                                  Libraries\STM32F4xx_StdPeriph_Driver\src\stm32f4xx_can.o
CAN_Transmit                                      Libraries\STM32F4xx_StdPeriph_Driver\src\stm32f4xx_can.o
CAN_TransmitStatus                                Libraries\STM32F4xx_StdPeriph_Driver\src\stm32f4xx_can.o
CAN_WakeUp                                        Libraries\STM32F4xx_StdPeriph_Driver\src\stm32f4xx_can.o
CODECTimeout                                      Utilities\STM32F4-Discovery\stm32f4_discovery_audio_codec.o
CRC_CalcBlockCRC                                  Libraries\STM32F4xx_StdPeriph_Driver\src\stm32f4xx_crc.o
CRC_CalcCRC                                       Libraries\STM32F4xx_StdPeriph_Driver\src\stm32f4xx_crc.o
CRC_GetCRC                                        Libraries\STM32F4xx_StdPeriph_Driver\src\stm32f4xx_crc.o
CRC_GetIDRegister                                 Libraries\STM32F4xx_StdPeriph_Driver\src\stm32f4xx_crc.o
CRC_ResetDR                                       Libraries\STM32F4xx_StdPeriph_Driver\src\stm32f4xx_crc.o
CRC_SetIDRegister                                 Libraries\STM32F4xx_StdPeriph_Driver\src\stm32f4xx_crc.o
CRYP_AES_CBC                                      Libraries\STM32F4xx_StdPeriph_Driver\src\stm32f4xx_cryp_aes.o
CRYP_AES_CCM                                      Libraries\STM32F4xx_StdPeriph_Driver\src\stm32f4xx_cryp_aes.o
CRYP_AES_CTR                                      Libraries\STM32F4xx_StdPeriph_Driver\src\stm32f4xx_cryp_aes.o
CRYP_AES_ECB                                      Libraries\STM32F4xx_StdPeriph_Driver\src\stm32f4xx_cryp_aes.o
CRYP_AES_GCM                                      Libraries\STM32F4xx_StdPeriph_Driver\src\stm32f4xx_cryp_aes.o
CRYP_Cmd                                          Libraries\STM32F4xx_StdPeriph_Driver\src\stm32f4xx_cryp.o
                                                  Libraries\STM32F4xx_StdPeriph_Driver\src\stm32f4xx_cryp_aes.o
                                                  Libraries\STM32F4xx_StdPeriph_Driver\src\stm32f4xx_cryp_des.o
                                                  Libraries\STM32F4xx_StdPeriph_Driver\src\stm32f4xx_cryp_tdes.o
CRYP_DES_CBC                                      Libraries\STM32F4xx_StdPeriph_Driver\src\stm32f4xx_cryp_des.o
CRYP_DES_ECB                                      Libraries\STM32F4xx_StdPeriph_Driver\src\stm32f4xx_cryp_des.o
CRYP_DMACmd                                       Libraries\STM32F4xx_StdPeriph_Driver\src\stm32f4xx_cryp.o
CRYP_DataIn                                       Libraries\STM32F4xx_StdPeriph_Driver\src\stm32f4xx_cryp.o
                                                  Libraries\STM32F4xx_StdPeriph_Driver\src\stm32f4xx_cryp_aes.o
                                                  Libraries\STM32F4xx_StdPeriph_Driver\src\stm32f4xx_cryp_des.o
                                                  Libraries\STM32F4xx_StdPeriph_Driver\src\stm32f4xx_cryp_tdes.o
CRYP_DataOut                                      Libraries\STM32F4xx_StdPeriph_Driver\src\stm32f4xx_cryp.o
                                                  Libraries\STM32F4xx_StdPeriph_Driver\src\stm32f4xx_cryp_aes.o
                                                  Libraries\STM32F4xx_StdPeriph_Driver\src\stm32f4xx_cryp_des.o
                                                  Libraries\STM32F4xx_StdPeriph_Driver\src\stm32f4xx_cryp_tdes.o
CRYP_DeInit                                       Libraries\STM32F4xx_StdPeriph_Driver\src\stm32f4xx_cryp.o
CRYP_FIFOFlush                                    Libraries\STM32F4xx_StdPeriph_Driver\src\stm32f4xx_cryp.o
                                                  Libraries\STM32F4xx_StdPeriph_Driver\src\stm32f4xx_cryp_aes.o
                                                  Libraries\STM32F4xx_StdPeriph_Driver\src\stm32f4xx_cryp_des.o
                                                  Libraries\STM32F4xx_StdPeriph_Driver\src\stm32f4xx_cryp_tdes.o
CRYP_GetCmdStatus                                 Libraries\STM32F4xx_StdPeriph_Driver\src\stm32f4xx_cryp.o
                                                  Libraries\STM32F4xx_StdPeriph_Driver\src\stm32f4xx_cryp_aes.o
                                                  Libraries\STM32F4xx_StdPeriph_Driver\src\stm32f4xx_cryp_des.o
                                                  Libraries\STM32F4xx_StdPeriph_Driver\src\stm32f4xx_cryp_tdes.o
CRYP_GetFlagStatus                                Libraries\STM32F4xx_StdPeriph_Driver\src\stm32f4xx_cryp.o
                                                  Libraries\STM32F4xx_StdPeriph_Driver\src\stm32f4xx_cryp_aes.o
                                                  Libraries\STM32F4xx_StdPeriph_Driver\src\stm32f4xx_cryp_des.o
                                                  Libraries\STM32F4xx_StdPeriph_Driver\src\stm32f4xx_cryp_tdes.o
CRYP_GetITStatus                                  Libraries\STM32F4xx_StdPeriph_Driver\src\stm32f4xx_cryp.o
CRYP_IRQHandler                                   src\startup_stm32f40xx.o
CRYP_ITConfig                                     Libraries\STM32F4xx_StdPeriph_Driver\src\stm32f4xx_cryp.o
CRYP_IVInit                                       Libraries\STM32F4xx_StdPeriph_Driver\src\stm32f4xx_cryp.o
                                                  Libraries\STM32F4xx_StdPeriph_Driver\src\stm32f4xx_cryp_aes.o
                                                  Libraries\STM32F4xx_StdPeriph_Driver\src\stm32f4xx_cryp_des.o
                                                  Libraries\STM32F4xx_StdPeriph_Driver\src\stm32f4xx_cryp_tdes.o
CRYP_IVStructInit                                 Libraries\STM32F4xx_StdPeriph_Driver\src\stm32f4xx_cryp.o
CRYP_Init                                         Libraries\STM32F4xx_StdPeriph_Driver\src\stm32f4xx_cryp.o
                                                  Libraries\STM32F4xx_StdPeriph_Driver\src\stm32f4xx_cryp_aes.o
                                                  Libraries\STM32F4xx_StdPeriph_Driver\src\stm32f4xx_cryp_des.o
                                                  Libraries\STM32F4xx_StdPeriph_Driver\src\stm32f4xx_cryp_tdes.o
CRYP_KeyInit                                      Libraries\STM32F4xx_StdPeriph_Driver\src\stm32f4xx_cryp.o
                                                  Libraries\STM32F4xx_StdPeriph_Driver\src\stm32f4xx_cryp_aes.o
                                                  Libraries\STM32F4xx_StdPeriph_Driver\src\stm32f4xx_cryp_des.o
                                                  Libraries\STM32F4xx_StdPeriph_Driver\src\stm32f4xx_cryp_tdes.o
CRYP_KeyStructInit                                Libraries\STM32F4xx_StdPeriph_Driver\src\stm32f4xx_cryp.o
                                                  Libraries\STM32F4xx_StdPeriph_Driver\src\stm32f4xx_cryp_aes.o
                                                  Libraries\STM32F4xx_StdPeriph_Driver\src\stm32f4xx_cryp_des.o
                                                  Libraries\STM32F4xx_StdPeriph_Driver\src\stm32f4xx_cryp_tdes.o
CRYP_PhaseConfig                                  Libraries\STM32F4xx_StdPeriph_Driver\src\stm32f4xx_cryp.o
                                                  Libraries\STM32F4xx_StdPeriph_Driver\src\stm32f4xx_cryp_aes.o
CRYP_RestoreContext                               Libraries\STM32F4xx_StdPeriph_Driver\src\stm32f4xx_cryp.o
CRYP_SaveContext                                  Libraries\STM32F4xx_StdPeriph_Driver\src\stm32f4xx_cryp.o
CRYP_StructInit                                   Libraries\STM32F4xx_StdPeriph_Driver\src\stm32f4xx_cryp.o
CRYP_TDES_CBC                                     Libraries\STM32F4xx_StdPeriph_Driver\src\stm32f4xx_cryp_tdes.o
CRYP_TDES_ECB                                     Libraries\STM32F4xx_StdPeriph_Driver\src\stm32f4xx_cryp_tdes.o
Codec_TIMEOUT_UserCallback                        Utilities\STM32F4-Discovery\stm32f4_discovery_audio_codec.o
CurrAudioInterface                                Utilities\STM32F4-Discovery\stm32f4_discovery_audio_codec.o
CurrentPos                                        Utilities\STM32F4-Discovery\stm32f4_discovery_audio_codec.o
DAC_ClearFlag                                     Libraries\STM32F4xx_StdPeriph_Driver\src\stm32f4xx_dac.o
DAC_ClearITPendingBit                             Libraries\STM32F4xx_StdPeriph_Driver\src\stm32f4xx_dac.o
DAC_Cmd                                           Libraries\STM32F4xx_StdPeriph_Driver\src\stm32f4xx_dac.o
                                                  Utilities\STM32F4-Discovery\stm32f4_discovery_audio_codec.o
DAC_Config                                        Utilities\STM32F4-Discovery\stm32f4_discovery_audio_codec.o
DAC_DMACmd                                        Libraries\STM32F4xx_StdPeriph_Driver\src\stm32f4xx_dac.o
DAC_DeInit                                        Libraries\STM32F4xx_StdPeriph_Driver\src\stm32f4xx_dac.o
DAC_DualSoftwareTriggerCmd                        Libraries\STM32F4xx_StdPeriph_Driver\src\stm32f4xx_dac.o
DAC_GetDataOutputValue                            Libraries\STM32F4xx_StdPeriph_Driver\src\stm32f4xx_dac.o
DAC_GetFlagStatus                                 Libraries\STM32F4xx_StdPeriph_Driver\src\stm32f4xx_dac.o
DAC_GetITStatus                                   Libraries\STM32F4xx_StdPeriph_Driver\src\stm32f4xx_dac.o
DAC_ITConfig                                      Libraries\STM32F4xx_StdPeriph_Driver\src\stm32f4xx_dac.o
DAC_Init                                          Libraries\STM32F4xx_StdPeriph_Driver\src\stm32f4xx_dac.o
                                                  Utilities\STM32F4-Discovery\stm32f4_discovery_audio_codec.o
DAC_SetChannel1Data                               Libraries\STM32F4xx_StdPeriph_Driver\src\stm32f4xx_dac.o
                                                  Utilities\STM32F4-Discovery\stm32f4_discovery_audio_codec.o
DAC_SetChannel2Data                               Libraries\STM32F4xx_StdPeriph_Driver\src\stm32f4xx_dac.o
DAC_SetDualChannelData                            Libraries\STM32F4xx_StdPeriph_Driver\src\stm32f4xx_dac.o
DAC_SoftwareTriggerCmd                            Libraries\STM32F4xx_StdPeriph_Driver\src\stm32f4xx_dac.o
DAC_StructInit                                    Libraries\STM32F4xx_StdPeriph_Driver\src\stm32f4xx_dac.o
DAC_WaveGenerationCmd                             Libraries\STM32F4xx_StdPeriph_Driver\src\stm32f4xx_dac.o
DBGMCU_APB1PeriphConfig                           Libraries\STM32F4xx_StdPeriph_Driver\src\stm32f4xx_dbgmcu.o
DBGMCU_APB2PeriphConfig                           Libraries\STM32F4xx_StdPeriph_Driver\src\stm32f4xx_dbgmcu.o
DBGMCU_Config                                     Libraries\STM32F4xx_StdPeriph_Driver\src\stm32f4xx_dbgmcu.o
DBGMCU_GetDEVID                                   Libraries\STM32F4xx_StdPeriph_Driver\src\stm32f4xx_dbgmcu.o
DBGMCU_GetREVID                                   Libraries\STM32F4xx_StdPeriph_Driver\src\stm32f4xx_dbgmcu.o
DCMI_CROPCmd                                      Libraries\STM32F4xx_StdPeriph_Driver\src\stm32f4xx_dcmi.o
DCMI_CROPConfig                                   Libraries\STM32F4xx_StdPeriph_Driver\src\stm32f4xx_dcmi.o
DCMI_CaptureCmd                                   Libraries\STM32F4xx_StdPeriph_Driver\src\stm32f4xx_dcmi.o
DCMI_ClearFlag                                    Libraries\STM32F4xx_StdPeriph_Driver\src\stm32f4xx_dcmi.o
DCMI_ClearITPendingBit                            Libraries\STM32F4xx_StdPeriph_Driver\src\stm32f4xx_dcmi.o
DCMI_Cmd                                          Libraries\STM32F4xx_StdPeriph_Driver\src\stm32f4xx_dcmi.o
DCMI_DeInit                                       Libraries\STM32F4xx_StdPeriph_Driver\src\stm32f4xx_dcmi.o
DCMI_GetFlagStatus                                Libraries\STM32F4xx_StdPeriph_Driver\src\stm32f4xx_dcmi.o
DCMI_GetITStatus                                  Libraries\STM32F4xx_StdPeriph_Driver\src\stm32f4xx_dcmi.o
DCMI_IRQHandler                                   src\startup_stm32f40xx.o
DCMI_ITConfig                                     Libraries\STM32F4xx_StdPeriph_Driver\src\stm32f4xx_dcmi.o
DCMI_Init                                         Libraries\STM32F4xx_StdPeriph_Driver\src\stm32f4xx_dcmi.o
DCMI_JPEGCmd                                      Libraries\STM32F4xx_StdPeriph_Driver\src\stm32f4xx_dcmi.o
DCMI_ReadData                                     Libraries\STM32F4xx_StdPeriph_Driver\src\stm32f4xx_dcmi.o
DCMI_SetEmbeddedSynchroCodes                      Libraries\STM32F4xx_StdPeriph_Driver\src\stm32f4xx_dcmi.o
DCMI_StructInit                                   Libraries\STM32F4xx_StdPeriph_Driver\src\stm32f4xx_dcmi.o
DMA1_Stream0_IRQHandler                           Utilities\STM32F4-Discovery\stm32f4_discovery_audio_codec.o
                                                  src\startup_stm32f40xx.o
DMA1_Stream1_IRQHandler                           src\startup_stm32f40xx.o
DMA1_Stream2_IRQHandler                           src\startup_stm32f40xx.o
DMA1_Stream3_IRQHandler                           src\startup_stm32f40xx.o
DMA1_Stream4_IRQHandler                           src\startup_stm32f40xx.o
DMA1_Stream5_IRQHandler                           src\startup_stm32f40xx.o
DMA1_Stream6_IRQHandler                           src\startup_stm32f40xx.o
DMA1_Stream7_IRQHandler                           Utilities\STM32F4-Discovery\stm32f4_discovery_audio_codec.o
                                                  src\startup_stm32f40xx.o
DMA2_Stream0_IRQHandler                           src\startup_stm32f40xx.o
DMA2_Stream1_IRQHandler                           src\startup_stm32f40xx.o
DMA2_Stream2_IRQHandler                           src\startup_stm32f40xx.o
DMA2_Stream3_IRQHandler                           src\startup_stm32f40xx.o
DMA2_Stream4_IRQHandler                           src\startup_stm32f40xx.o
DMA2_Stream5_IRQHandler                           src\startup_stm32f40xx.o
DMA2_Stream6_IRQHandler                           src\startup_stm32f40xx.o
DMA2_Stream7_IRQHandler                           src\startup_stm32f40xx.o
DMA_ClearFlag                                     Libraries\STM32F4xx_StdPeriph_Driver\src\stm32f4xx_dma.o
                                                  Utilities\STM32F4-Discovery\stm32f4_discovery_audio_codec.o
DMA_ClearITPendingBit                             Libraries\STM32F4xx_StdPeriph_Driver\src\stm32f4xx_dma.o
DMA_Cmd                                           Libraries\STM32F4xx_StdPeriph_Driver\src\stm32f4xx_dma.o
                                                  Utilities\STM32F4-Discovery\stm32f4_discovery_audio_codec.o
DMA_DeInit                                        Libraries\STM32F4xx_StdPeriph_Driver\src\stm32f4xx_dma.o
                                                  Utilities\STM32F4-Discovery\stm32f4_discovery_audio_codec.o
DMA_DoubleBufferModeCmd                           Libraries\STM32F4xx_StdPeriph_Driver\src\stm32f4xx_dma.o
DMA_DoubleBufferModeConfig                        Libraries\STM32F4xx_StdPeriph_Driver\src\stm32f4xx_dma.o
DMA_FlowControllerConfig                          Libraries\STM32F4xx_StdPeriph_Driver\src\stm32f4xx_dma.o
DMA_GetCmdStatus                                  Libraries\STM32F4xx_StdPeriph_Driver\src\stm32f4xx_dma.o
                                                  Utilities\STM32F4-Discovery\stm32f4_discovery_audio_codec.o
DMA_GetCurrDataCounter                            Libraries\STM32F4xx_StdPeriph_Driver\src\stm32f4xx_dma.o
DMA_GetCurrentMemoryTarget                        Libraries\STM32F4xx_StdPeriph_Driver\src\stm32f4xx_dma.o
DMA_GetFIFOStatus                                 Libraries\STM32F4xx_StdPeriph_Driver\src\stm32f4xx_dma.o
DMA_GetFlagStatus                                 Libraries\STM32F4xx_StdPeriph_Driver\src\stm32f4xx_dma.o
                                                  Utilities\STM32F4-Discovery\stm32f4_discovery_audio_codec.o
DMA_GetITStatus                                   Libraries\STM32F4xx_StdPeriph_Driver\src\stm32f4xx_dma.o
DMA_ITConfig                                      Libraries\STM32F4xx_StdPeriph_Driver\src\stm32f4xx_dma.o
                                                  Utilities\STM32F4-Discovery\stm32f4_discovery_audio_codec.o
DMA_Init                                          Libraries\STM32F4xx_StdPeriph_Driver\src\stm32f4xx_dma.o
                                                  Utilities\STM32F4-Discovery\stm32f4_discovery_audio_codec.o
DMA_InitStructure                                 Utilities\STM32F4-Discovery\stm32f4_discovery_audio_codec.o
DMA_MemoryTargetConfig                            Libraries\STM32F4xx_StdPeriph_Driver\src\stm32f4xx_dma.o
DMA_PeriphIncOffsetSizeConfig                     Libraries\STM32F4xx_StdPeriph_Driver\src\stm32f4xx_dma.o
DMA_SetCurrDataCounter                            Libraries\STM32F4xx_StdPeriph_Driver\src\stm32f4xx_dma.o
DMA_StructInit                                    Libraries\STM32F4xx_StdPeriph_Driver\src\stm32f4xx_dma.o
DebugMon_Handler                                  src\stm32f4xx_it.o
Default_Handler                                   src\startup_stm32f40xx.o
ETH_IRQHandler                                    src\startup_stm32f40xx.o
ETH_WKUP_IRQHandler                               src\startup_stm32f40xx.o
EVAL_AUDIO_DeInit                                 Utilities\STM32F4-Discovery\stm32f4_discovery_audio_codec.o
EVAL_AUDIO_GetSampleCallBack                      src\main.o
                                                  Utilities\STM32F4-Discovery\stm32f4_discovery_audio_codec.o
EVAL_AUDIO_Init                                   Utilities\STM32F4-Discovery\stm32f4_discovery_audio_codec.o
EVAL_AUDIO_Mute                                   Utilities\STM32F4-Discovery\stm32f4_discovery_audio_codec.o
EVAL_AUDIO_PauseResume                            Utilities\STM32F4-Discovery\stm32f4_discovery_audio_codec.o
EVAL_AUDIO_Play                                   Utilities\STM32F4-Discovery\stm32f4_discovery_audio_codec.o
EVAL_AUDIO_SetAudioInterface                      Utilities\STM32F4-Discovery\stm32f4_discovery_audio_codec.o
EVAL_AUDIO_Stop                                   Utilities\STM32F4-Discovery\stm32f4_discovery_audio_codec.o
EVAL_AUDIO_TransferComplete_CallBack              src\main.o
                                                  Utilities\STM32F4-Discovery\stm32f4_discovery_audio_codec.o
EVAL_AUDIO_VolumeCtl                              Utilities\STM32F4-Discovery\stm32f4_discovery_audio_codec.o
EXTI0_IRQHandler                                  src\startup_stm32f40xx.o
EXTI15_10_IRQHandler                              src\startup_stm32f40xx.o
EXTI1_IRQHandler                                  src\startup_stm32f40xx.o
EXTI2_IRQHandler                                  src\startup_stm32f40xx.o
EXTI3_IRQHandler                                  src\startup_stm32f40xx.o
EXTI4_IRQHandler                                  src\startup_stm32f40xx.o
EXTI9_5_IRQHandler                                src\startup_stm32f40xx.o
EXTI_ClearFlag                                    Libraries\STM32F4xx_StdPeriph_Driver\src\stm32f4xx_exti.o
EXTI_ClearITPendingBit                            Libraries\STM32F4xx_StdPeriph_Driver\src\stm32f4xx_exti.o
EXTI_DeInit                                       Libraries\STM32F4xx_StdPeriph_Driver\src\stm32f4xx_exti.o
EXTI_GenerateSWInterrupt                          Libraries\STM32F4xx_StdPeriph_Driver\src\stm32f4xx_exti.o
EXTI_GetFlagStatus                                Libraries\STM32F4xx_StdPeriph_Driver\src\stm32f4xx_exti.o
EXTI_GetITStatus                                  Libraries\STM32F4xx_StdPeriph_Driver\src\stm32f4xx_exti.o
EXTI_Init                                         Libraries\STM32F4xx_StdPeriph_Driver\src\stm32f4xx_exti.o
                                                  Utilities\STM32F4-Discovery\stm32f4_discovery.o
EXTI_StructInit                                   Libraries\STM32F4xx_StdPeriph_Driver\src\stm32f4xx_exti.o
FLASH_ClearFlag                                   Libraries\STM32F4xx_StdPeriph_Driver\src\stm32f4xx_flash.o
FLASH_DataCacheCmd                                Libraries\STM32F4xx_StdPeriph_Driver\src\stm32f4xx_flash.o
FLASH_DataCacheReset                              Libraries\STM32F4xx_StdPeriph_Driver\src\stm32f4xx_flash.o
FLASH_EraseAllSectors                             Libraries\STM32F4xx_StdPeriph_Driver\src\stm32f4xx_flash.o
FLASH_EraseSector                                 Libraries\STM32F4xx_StdPeriph_Driver\src\stm32f4xx_flash.o
FLASH_GetFlagStatus                               Libraries\STM32F4xx_StdPeriph_Driver\src\stm32f4xx_flash.o
FLASH_GetStatus                                   Libraries\STM32F4xx_StdPeriph_Driver\src\stm32f4xx_flash.o
FLASH_IRQHandler                                  src\startup_stm32f40xx.o
FLASH_ITConfig                                    Libraries\STM32F4xx_StdPeriph_Driver\src\stm32f4xx_flash.o
FLASH_InstructionCacheCmd                         Libraries\STM32F4xx_StdPeriph_Driver\src\stm32f4xx_flash.o
FLASH_InstructionCacheReset                       Libraries\STM32F4xx_StdPeriph_Driver\src\stm32f4xx_flash.o
FLASH_Lock                                        Libraries\STM32F4xx_StdPeriph_Driver\src\stm32f4xx_flash.o
FLASH_OB_BORConfig                                Libraries\STM32F4xx_StdPeriph_Driver\src\stm32f4xx_flash.o
FLASH_OB_GetBOR                                   Libraries\STM32F4xx_StdPeriph_Driver\src\stm32f4xx_flash.o
FLASH_OB_GetRDP                                   Libraries\STM32F4xx_StdPeriph_Driver\src\stm32f4xx_flash.o
FLASH_OB_GetUser                                  Libraries\STM32F4xx_StdPeriph_Driver\src\stm32f4xx_flash.o
FLASH_OB_GetWRP                                   Libraries\STM32F4xx_StdPeriph_Driver\src\stm32f4xx_flash.o
FLASH_OB_GetWRP1                                  Libraries\STM32F4xx_StdPeriph_Driver\src\stm32f4xx_flash.o
FLASH_OB_Launch                                   Libraries\STM32F4xx_StdPeriph_Driver\src\stm32f4xx_flash.o
FLASH_OB_Lock                                     Libraries\STM32F4xx_StdPeriph_Driver\src\stm32f4xx_flash.o
FLASH_OB_RDPConfig                                Libraries\STM32F4xx_StdPeriph_Driver\src\stm32f4xx_flash.o
FLASH_OB_Unlock                                   Libraries\STM32F4xx_StdPeriph_Driver\src\stm32f4xx_flash.o
FLASH_OB_UserConfig                               Libraries\STM32F4xx_StdPeriph_Driver\src\stm32f4xx_flash.o
FLASH_OB_WRP1Config                               Libraries\STM32F4xx_StdPeriph_Driver\src\stm32f4xx_flash.o
FLASH_OB_WRPConfig                                Libraries\STM32F4xx_StdPeriph_Driver\src\stm32f4xx_flash.o
FLASH_PrefetchBufferCmd                           Libraries\STM32F4xx_StdPeriph_Driver\src\stm32f4xx_flash.o
FLASH_ProgramByte                                 Libraries\STM32F4xx_StdPeriph_Driver\src\stm32f4xx_flash.o
FLASH_ProgramDoubleWord                           Libraries\STM32F4xx_StdPeriph_Driver\src\stm32f4xx_flash.o
FLASH_ProgramHalfWord                             Libraries\STM32F4xx_StdPeriph_Driver\src\stm32f4xx_flash.o
FLASH_ProgramWord                                 Libraries\STM32F4xx_StdPeriph_Driver\src\stm32f4xx_flash.o
FLASH_SetLatency                                  Libraries\STM32F4xx_StdPeriph_Driver\src\stm32f4xx_flash.o
FLASH_Unlock                                      Libraries\STM32F4xx_StdPeriph_Driver\src\stm32f4xx_flash.o
FLASH_WaitForLastOperation                        Libraries\STM32F4xx_StdPeriph_Driver\src\stm32f4xx_flash.o
FPU_IRQHandler                                    src\startup_stm32f40xx.o
FSMC_ClearFlag                                    Libraries\STM32F4xx_StdPeriph_Driver\src\stm32f4xx_fsmc.o
FSMC_ClearITPendingBit                            Libraries\STM32F4xx_StdPeriph_Driver\src\stm32f4xx_fsmc.o
FSMC_GetECC                                       Libraries\STM32F4xx_StdPeriph_Driver\src\stm32f4xx_fsmc.o
FSMC_GetFlagStatus                                Libraries\STM32F4xx_StdPeriph_Driver\src\stm32f4xx_fsmc.o
FSMC_GetITStatus                                  Libraries\STM32F4xx_StdPeriph_Driver\src\stm32f4xx_fsmc.o
FSMC_IRQHandler                                   src\startup_stm32f40xx.o
FSMC_ITConfig                                     Libraries\STM32F4xx_StdPeriph_Driver\src\stm32f4xx_fsmc.o
FSMC_NANDCmd                                      Libraries\STM32F4xx_StdPeriph_Driver\src\stm32f4xx_fsmc.o
FSMC_NANDDeInit                                   Libraries\STM32F4xx_StdPeriph_Driver\src\stm32f4xx_fsmc.o
FSMC_NANDECCCmd                                   Libraries\STM32F4xx_StdPeriph_Driver\src\stm32f4xx_fsmc.o
FSMC_NANDInit                                     Libraries\STM32F4xx_StdPeriph_Driver\src\stm32f4xx_fsmc.o
FSMC_NANDStructInit                               Libraries\STM32F4xx_StdPeriph_Driver\src\stm32f4xx_fsmc.o
FSMC_NORSRAMCmd                                   Libraries\STM32F4xx_StdPeriph_Driver\src\stm32f4xx_fsmc.o
FSMC_NORSRAMDeInit                                Libraries\STM32F4xx_StdPeriph_Driver\src\stm32f4xx_fsmc.o
FSMC_NORSRAMInit                                  Libraries\STM32F4xx_StdPeriph_Driver\src\stm32f4xx_fsmc.o
FSMC_NORSRAMStructInit                            Libraries\STM32F4xx_StdPeriph_Driver\src\stm32f4xx_fsmc.o
FSMC_PCCARDCmd                                    Libraries\STM32F4xx_StdPeriph_Driver\src\stm32f4xx_fsmc.o
FSMC_PCCARDDeInit                                 Libraries\STM32F4xx_StdPeriph_Driver\src\stm32f4xx_fsmc.o
FSMC_PCCARDInit                                   Libraries\STM32F4xx_StdPeriph_Driver\src\stm32f4xx_fsmc.o
FSMC_PCCARDStructInit                             Libraries\STM32F4xx_StdPeriph_Driver\src\stm32f4xx_fsmc.o
GPIO_CLK                                          Utilities\STM32F4-Discovery\stm32f4_discovery.o
GPIO_DeInit                                       Libraries\STM32F4xx_StdPeriph_Driver\src\stm32f4xx_gpio.o
GPIO_Init                                         Libraries\STM32F4xx_StdPeriph_Driver\src\stm32f4xx_gpio.o
                                                  Utilities\STM32F4-Discovery\stm32f4_discovery.o
                                                  Utilities\STM32F4-Discovery\stm32f4_discovery_audio_codec.o
                                                  Utilities\STM32F4-Discovery\stm32f4_discovery_lis302dl.o
GPIO_PIN                                          Utilities\STM32F4-Discovery\stm32f4_discovery.o
GPIO_PORT                                         Utilities\STM32F4-Discovery\stm32f4_discovery.o
GPIO_PinAFConfig                                  Libraries\STM32F4xx_StdPeriph_Driver\src\stm32f4xx_gpio.o
                                                  Utilities\STM32F4-Discovery\stm32f4_discovery_audio_codec.o
                                                  Utilities\STM32F4-Discovery\stm32f4_discovery_lis302dl.o
GPIO_PinLockConfig                                Libraries\STM32F4xx_StdPeriph_Driver\src\stm32f4xx_gpio.o
GPIO_ReadInputData                                Libraries\STM32F4xx_StdPeriph_Driver\src\stm32f4xx_gpio.o
GPIO_ReadInputDataBit                             Libraries\STM32F4xx_StdPeriph_Driver\src\stm32f4xx_gpio.o
                                                  Utilities\STM32F4-Discovery\stm32f4_discovery.o
GPIO_ReadOutputData                               Libraries\STM32F4xx_StdPeriph_Driver\src\stm32f4xx_gpio.o
GPIO_ReadOutputDataBit                            Libraries\STM32F4xx_StdPeriph_Driver\src\stm32f4xx_gpio.o
GPIO_ResetBits                                    Libraries\STM32F4xx_StdPeriph_Driver\src\stm32f4xx_gpio.o
                                                  Utilities\STM32F4-Discovery\stm32f4_discovery_lis302dl.o
GPIO_SetBits                                      Libraries\STM32F4xx_StdPeriph_Driver\src\stm32f4xx_gpio.o
                                                  Utilities\STM32F4-Discovery\stm32f4_discovery_lis302dl.o
GPIO_StructInit                                   Libraries\STM32F4xx_StdPeriph_Driver\src\stm32f4xx_gpio.o
GPIO_ToggleBits                                   Libraries\STM32F4xx_StdPeriph_Driver\src\stm32f4xx_gpio.o
GPIO_Write                                        Libraries\STM32F4xx_StdPeriph_Driver\src\stm32f4xx_gpio.o
GPIO_WriteBit                                     Libraries\STM32F4xx_StdPeriph_Driver\src\stm32f4xx_gpio.o
                                                  Utilities\STM32F4-Discovery\stm32f4_discovery_audio_codec.o
HASH_AutoStartDigest                              Libraries\STM32F4xx_StdPeriph_Driver\src\stm32f4xx_hash.o
HASH_ClearFlag                                    Libraries\STM32F4xx_StdPeriph_Driver\src\stm32f4xx_hash.o
HASH_ClearITPendingBit                            Libraries\STM32F4xx_StdPeriph_Driver\src\stm32f4xx_hash.o
HASH_DMACmd                                       Libraries\STM32F4xx_StdPeriph_Driver\src\stm32f4xx_hash.o
HASH_DataIn                                       Libraries\STM32F4xx_StdPeriph_Driver\src\stm32f4xx_hash.o
                                                  Libraries\STM32F4xx_StdPeriph_Driver\src\stm32f4xx_hash_md5.o
                                                  Libraries\STM32F4xx_StdPeriph_Driver\src\stm32f4xx_hash_sha1.o
HASH_DeInit                                       Libraries\STM32F4xx_StdPeriph_Driver\src\stm32f4xx_hash.o
                                                  Libraries\STM32F4xx_StdPeriph_Driver\src\stm32f4xx_hash_md5.o
                                                  Libraries\STM32F4xx_StdPeriph_Driver\src\stm32f4xx_hash_sha1.o
HASH_GetDigest                                    Libraries\STM32F4xx_StdPeriph_Driver\src\stm32f4xx_hash.o
                                                  Libraries\STM32F4xx_StdPeriph_Driver\src\stm32f4xx_hash_md5.o
                                                  Libraries\STM32F4xx_StdPeriph_Driver\src\stm32f4xx_hash_sha1.o
HASH_GetFlagStatus                                Libraries\STM32F4xx_StdPeriph_Driver\src\stm32f4xx_hash.o
                                                  Libraries\STM32F4xx_StdPeriph_Driver\src\stm32f4xx_hash_md5.o
                                                  Libraries\STM32F4xx_StdPeriph_Driver\src\stm32f4xx_hash_sha1.o
HASH_GetITStatus                                  Libraries\STM32F4xx_StdPeriph_Driver\src\stm32f4xx_hash.o
HASH_GetInFIFOWordsNbr                            Libraries\STM32F4xx_StdPeriph_Driver\src\stm32f4xx_hash.o
HASH_ITConfig                                     Libraries\STM32F4xx_StdPeriph_Driver\src\stm32f4xx_hash.o
HASH_Init                                         Libraries\STM32F4xx_StdPeriph_Driver\src\stm32f4xx_hash.o
                                                  Libraries\STM32F4xx_StdPeriph_Driver\src\stm32f4xx_hash_md5.o
                                                  Libraries\STM32F4xx_StdPeriph_Driver\src\stm32f4xx_hash_sha1.o
HASH_MD5                                          Libraries\STM32F4xx_StdPeriph_Driver\src\stm32f4xx_hash_md5.o
HASH_RNG_IRQHandler                               src\startup_stm32f40xx.o
HASH_Reset                                        Libraries\STM32F4xx_StdPeriph_Driver\src\stm32f4xx_hash.o
HASH_RestoreContext                               Libraries\STM32F4xx_StdPeriph_Driver\src\stm32f4xx_hash.o
HASH_SHA1                                         Libraries\STM32F4xx_StdPeriph_Driver\src\stm32f4xx_hash_sha1.o
HASH_SaveContext                                  Libraries\STM32F4xx_StdPeriph_Driver\src\stm32f4xx_hash.o
HASH_SetLastWordValidBitsNbr                      Libraries\STM32F4xx_StdPeriph_Driver\src\stm32f4xx_hash.o
                                                  Libraries\STM32F4xx_StdPeriph_Driver\src\stm32f4xx_hash_md5.o
                                                  Libraries\STM32F4xx_StdPeriph_Driver\src\stm32f4xx_hash_sha1.o
HASH_StartDigest                                  Libraries\STM32F4xx_StdPeriph_Driver\src\stm32f4xx_hash.o
                                                  Libraries\STM32F4xx_StdPeriph_Driver\src\stm32f4xx_hash_md5.o
                                                  Libraries\STM32F4xx_StdPeriph_Driver\src\stm32f4xx_hash_sha1.o
HASH_StructInit                                   Libraries\STM32F4xx_StdPeriph_Driver\src\stm32f4xx_hash.o
HMAC_MD5                                          Libraries\STM32F4xx_StdPeriph_Driver\src\stm32f4xx_hash_md5.o
HMAC_SHA1                                         Libraries\STM32F4xx_StdPeriph_Driver\src\stm32f4xx_hash_sha1.o
HardFault_Handler                                 src\stm32f4xx_it.o
I2C1_ER_IRQHandler                                src\startup_stm32f40xx.o
I2C1_EV_IRQHandler                                src\startup_stm32f40xx.o
I2C2_ER_IRQHandler                                src\startup_stm32f40xx.o
I2C2_EV_IRQHandler                                src\startup_stm32f40xx.o
I2C3_ER_IRQHandler                                src\startup_stm32f40xx.o
I2C3_EV_IRQHandler                                src\startup_stm32f40xx.o
I2C_ARPCmd                                        Libraries\STM32F4xx_StdPeriph_Driver\src\stm32f4xx_i2c.o
I2C_AcknowledgeConfig                             Libraries\STM32F4xx_StdPeriph_Driver\src\stm32f4xx_i2c.o
                                                  Utilities\STM32F4-Discovery\stm32f4_discovery_audio_codec.o
I2C_AnalogFilterCmd                               Libraries\STM32F4xx_StdPeriph_Driver\src\stm32f4xx_i2c.o
I2C_CalculatePEC                                  Libraries\STM32F4xx_StdPeriph_Driver\src\stm32f4xx_i2c.o
I2C_CheckEvent                                    Libraries\STM32F4xx_StdPeriph_Driver\src\stm32f4xx_i2c.o
                                                  Libraries\tm_stm32f4_i2c.o
                                                  Utilities\STM32F4-Discovery\stm32f4_discovery_audio_codec.o
I2C_ClearFlag                                     Libraries\STM32F4xx_StdPeriph_Driver\src\stm32f4xx_i2c.o
                                                  Utilities\STM32F4-Discovery\stm32f4_discovery_audio_codec.o
I2C_ClearITPendingBit                             Libraries\STM32F4xx_StdPeriph_Driver\src\stm32f4xx_i2c.o
I2C_Cmd                                           Libraries\STM32F4xx_StdPeriph_Driver\src\stm32f4xx_i2c.o
                                                  Utilities\STM32F4-Discovery\stm32f4_discovery_audio_codec.o
I2C_DMACmd                                        Libraries\STM32F4xx_StdPeriph_Driver\src\stm32f4xx_i2c.o
I2C_DMALastTransferCmd                            Libraries\STM32F4xx_StdPeriph_Driver\src\stm32f4xx_i2c.o
I2C_DeInit                                        Libraries\STM32F4xx_StdPeriph_Driver\src\stm32f4xx_i2c.o
                                                  Utilities\STM32F4-Discovery\stm32f4_discovery_audio_codec.o
I2C_DigitalFilterConfig                           Libraries\STM32F4xx_StdPeriph_Driver\src\stm32f4xx_i2c.o
I2C_DualAddressCmd                                Libraries\STM32F4xx_StdPeriph_Driver\src\stm32f4xx_i2c.o
I2C_FastModeDutyCycleConfig                       Libraries\STM32F4xx_StdPeriph_Driver\src\stm32f4xx_i2c.o
I2C_GeneralCallCmd                                Libraries\STM32F4xx_StdPeriph_Driver\src\stm32f4xx_i2c.o
I2C_GenerateSTART                                 Libraries\STM32F4xx_StdPeriph_Driver\src\stm32f4xx_i2c.o
                                                  Utilities\STM32F4-Discovery\stm32f4_discovery_audio_codec.o
I2C_GenerateSTOP                                  Libraries\STM32F4xx_StdPeriph_Driver\src\stm32f4xx_i2c.o
                                                  Utilities\STM32F4-Discovery\stm32f4_discovery_audio_codec.o
I2C_GetFlagStatus                                 Libraries\STM32F4xx_StdPeriph_Driver\src\stm32f4xx_i2c.o
                                                  Utilities\STM32F4-Discovery\stm32f4_discovery_audio_codec.o
I2C_GetITStatus                                   Libraries\STM32F4xx_StdPeriph_Driver\src\stm32f4xx_i2c.o
I2C_GetLastEvent                                  Libraries\STM32F4xx_StdPeriph_Driver\src\stm32f4xx_i2c.o
I2C_GetPEC                                        Libraries\STM32F4xx_StdPeriph_Driver\src\stm32f4xx_i2c.o
I2C_ITConfig                                      Libraries\STM32F4xx_StdPeriph_Driver\src\stm32f4xx_i2c.o
I2C_Init                                          Libraries\STM32F4xx_StdPeriph_Driver\src\stm32f4xx_i2c.o
                                                  Libraries\tm_stm32f4_i2c.o
                                                  Utilities\STM32F4-Discovery\stm32f4_discovery_audio_codec.o
I2C_NACKPositionConfig                            Libraries\STM32F4xx_StdPeriph_Driver\src\stm32f4xx_i2c.o
I2C_OwnAddress2Config                             Libraries\STM32F4xx_StdPeriph_Driver\src\stm32f4xx_i2c.o
I2C_PECPositionConfig                             Libraries\STM32F4xx_StdPeriph_Driver\src\stm32f4xx_i2c.o
I2C_ReadRegister                                  Libraries\STM32F4xx_StdPeriph_Driver\src\stm32f4xx_i2c.o
I2C_ReceiveData                                   Libraries\STM32F4xx_StdPeriph_Driver\src\stm32f4xx_i2c.o
                                                  Utilities\STM32F4-Discovery\stm32f4_discovery_audio_codec.o
I2C_SMBusAlertConfig                              Libraries\STM32F4xx_StdPeriph_Driver\src\stm32f4xx_i2c.o
I2C_Send7bitAddress                               Libraries\STM32F4xx_StdPeriph_Driver\src\stm32f4xx_i2c.o
                                                  Utilities\STM32F4-Discovery\stm32f4_discovery_audio_codec.o
I2C_SendData                                      Libraries\STM32F4xx_StdPeriph_Driver\src\stm32f4xx_i2c.o
                                                  Utilities\STM32F4-Discovery\stm32f4_discovery_audio_codec.o
I2C_SoftwareResetCmd                              Libraries\STM32F4xx_StdPeriph_Driver\src\stm32f4xx_i2c.o
I2C_StretchClockCmd                               Libraries\STM32F4xx_StdPeriph_Driver\src\stm32f4xx_i2c.o
I2C_StructInit                                    Libraries\STM32F4xx_StdPeriph_Driver\src\stm32f4xx_i2c.o
I2C_TransmitPEC                                   Libraries\STM32F4xx_StdPeriph_Driver\src\stm32f4xx_i2c.o
I2S_Cmd                                           Libraries\STM32F4xx_StdPeriph_Driver\src\stm32f4xx_spi.o
                                                  Utilities\STM32F4-Discovery\stm32f4_discovery_audio_codec.o
I2S_FullDuplexConfig                              Libraries\STM32F4xx_StdPeriph_Driver\src\stm32f4xx_spi.o
I2S_Init                                          Libraries\STM32F4xx_StdPeriph_Driver\src\stm32f4xx_spi.o
                                                  Utilities\STM32F4-Discovery\stm32f4_discovery_audio_codec.o
I2S_StructInit                                    Libraries\STM32F4xx_StdPeriph_Driver\src\stm32f4xx_spi.o
IWDG_Enable                                       Libraries\STM32F4xx_StdPeriph_Driver\src\stm32f4xx_iwdg.o
IWDG_GetFlagStatus                                Libraries\STM32F4xx_StdPeriph_Driver\src\stm32f4xx_iwdg.o
IWDG_ReloadCounter                                Libraries\STM32F4xx_StdPeriph_Driver\src\stm32f4xx_iwdg.o
IWDG_SetPrescaler                                 Libraries\STM32F4xx_StdPeriph_Driver\src\stm32f4xx_iwdg.o
IWDG_SetReload                                    Libraries\STM32F4xx_StdPeriph_Driver\src\stm32f4xx_iwdg.o
IWDG_WriteAccessCmd                               Libraries\STM32F4xx_StdPeriph_Driver\src\stm32f4xx_iwdg.o
LIS302DLTimeout                                   Utilities\STM32F4-Discovery\stm32f4_discovery_lis302dl.o
LIS302DL_DataRateCmd                              Utilities\STM32F4-Discovery\stm32f4_discovery_lis302dl.o
LIS302DL_FilterConfig                             Utilities\STM32F4-Discovery\stm32f4_discovery_lis302dl.o
LIS302DL_FullScaleCmd                             Utilities\STM32F4-Discovery\stm32f4_discovery_lis302dl.o
LIS302DL_Init                                     Utilities\STM32F4-Discovery\stm32f4_discovery_lis302dl.o
LIS302DL_InterruptConfig                          Utilities\STM32F4-Discovery\stm32f4_discovery_lis302dl.o
LIS302DL_LowpowerCmd                              Utilities\STM32F4-Discovery\stm32f4_discovery_lis302dl.o
LIS302DL_Read                                     Utilities\STM32F4-Discovery\stm32f4_discovery_lis302dl.o
LIS302DL_ReadACC                                  Utilities\STM32F4-Discovery\stm32f4_discovery_lis302dl.o
LIS302DL_RebootCmd                                Utilities\STM32F4-Discovery\stm32f4_discovery_lis302dl.o
LIS302DL_TIMEOUT_UserCallback                     Utilities\STM32F4-Discovery\stm32f4_discovery_lis302dl.o
LIS302DL_Write                                    Utilities\STM32F4-Discovery\stm32f4_discovery_lis302dl.o
MemManage_Handler                                 src\stm32f4xx_it.o
NMI_Handler                                       src\stm32f4xx_it.o
NVIC_Init                                         Libraries\STM32F4xx_StdPeriph_Driver\src\misc.o
                                                  Utilities\STM32F4-Discovery\stm32f4_discovery.o
                                                  Utilities\STM32F4-Discovery\stm32f4_discovery_audio_codec.o
NVIC_InitStructure                                Utilities\STM32F4-Discovery\stm32f4_discovery.o
NVIC_PriorityGroupConfig                          Libraries\STM32F4xx_StdPeriph_Driver\src\misc.o
NVIC_SetVectorTable                               Libraries\STM32F4xx_StdPeriph_Driver\src\misc.o
NVIC_SystemLPConfig                               Libraries\STM32F4xx_StdPeriph_Driver\src\misc.o
OTG_FS_IRQHandler                                 src\startup_stm32f40xx.o
OTG_FS_WKUP_IRQHandler                            src\startup_stm32f40xx.o
OTG_HS_EP1_IN_IRQHandler                          src\startup_stm32f40xx.o
OTG_HS_EP1_OUT_IRQHandler                         src\startup_stm32f40xx.o
OTG_HS_IRQHandler                                 src\startup_stm32f40xx.o
OTG_HS_WKUP_IRQHandler                            src\startup_stm32f40xx.o
OutputDev                                         Utilities\STM32F4-Discovery\stm32f4_discovery_audio_codec.o
PVD_IRQHandler                                    src\startup_stm32f40xx.o
PWR_BackupAccessCmd                               Libraries\STM32F4xx_StdPeriph_Driver\src\stm32f4xx_pwr.o
PWR_BackupRegulatorCmd                            Libraries\STM32F4xx_StdPeriph_Driver\src\stm32f4xx_pwr.o
PWR_ClearFlag                                     Libraries\STM32F4xx_StdPeriph_Driver\src\stm32f4xx_pwr.o
PWR_DeInit                                        Libraries\STM32F4xx_StdPeriph_Driver\src\stm32f4xx_pwr.o
PWR_EnterSTANDBYMode                              Libraries\STM32F4xx_StdPeriph_Driver\src\stm32f4xx_pwr.o
PWR_EnterSTOPMode                                 Libraries\STM32F4xx_StdPeriph_Driver\src\stm32f4xx_pwr.o
PWR_FlashPowerDownCmd                             Libraries\STM32F4xx_StdPeriph_Driver\src\stm32f4xx_pwr.o
PWR_GetFlagStatus                                 Libraries\STM32F4xx_StdPeriph_Driver\src\stm32f4xx_pwr.o
PWR_MainRegulatorModeConfig                       Libraries\STM32F4xx_StdPeriph_Driver\src\stm32f4xx_pwr.o
PWR_PVDCmd                                        Libraries\STM32F4xx_StdPeriph_Driver\src\stm32f4xx_pwr.o
PWR_PVDLevelConfig                                Libraries\STM32F4xx_StdPeriph_Driver\src\stm32f4xx_pwr.o
PWR_WakeUpPinCmd                                  Libraries\STM32F4xx_StdPeriph_Driver\src\stm32f4xx_pwr.o
PendSV_Handler                                    src\stm32f4xx_it.o
RCC_AHB1PeriphClockCmd                            Libraries\STM32F4xx_StdPeriph_Driver\src\stm32f4xx_rcc.o
                                                  Utilities\STM32F4-Discovery\stm32f4_discovery.o
                                                  Utilities\STM32F4-Discovery\stm32f4_discovery_audio_codec.o
                                                  Utilities\STM32F4-Discovery\stm32f4_discovery_lis302dl.o
RCC_AHB1PeriphClockLPModeCmd                      Libraries\STM32F4xx_StdPeriph_Driver\src\stm32f4xx_rcc.o
RCC_AHB1PeriphResetCmd                            Libraries\STM32F4xx_StdPeriph_Driver\src\stm32f4xx_rcc.o
                                                  Libraries\STM32F4xx_StdPeriph_Driver\src\stm32f4xx_gpio.o
RCC_AHB2PeriphClockCmd                            Libraries\STM32F4xx_StdPeriph_Driver\src\stm32f4xx_rcc.o
RCC_AHB2PeriphClockLPModeCmd                      Libraries\STM32F4xx_StdPeriph_Driver\src\stm32f4xx_rcc.o
RCC_AHB2PeriphResetCmd                            Libraries\STM32F4xx_StdPeriph_Driver\src\stm32f4xx_rcc.o
                                                  Libraries\STM32F4xx_StdPeriph_Driver\src\stm32f4xx_cryp.o
                                                  Libraries\STM32F4xx_StdPeriph_Driver\src\stm32f4xx_hash.o
                                                  Libraries\STM32F4xx_StdPeriph_Driver\src\stm32f4xx_rng.o
RCC_AHB3PeriphClockCmd                            Libraries\STM32F4xx_StdPeriph_Driver\src\stm32f4xx_rcc.o
RCC_AHB3PeriphClockLPModeCmd                      Libraries\STM32F4xx_StdPeriph_Driver\src\stm32f4xx_rcc.o
RCC_AHB3PeriphResetCmd                            Libraries\STM32F4xx_StdPeriph_Driver\src\stm32f4xx_rcc.o
RCC_APB1PeriphClockCmd                            Libraries\STM32F4xx_StdPeriph_Driver\src\stm32f4xx_rcc.o
                                                  Utilities\STM32F4-Discovery\stm32f4_discovery_audio_codec.o
RCC_APB1PeriphClockLPModeCmd                      Libraries\STM32F4xx_StdPeriph_Driver\src\stm32f4xx_rcc.o
RCC_APB1PeriphResetCmd                            Libraries\STM32F4xx_StdPeriph_Driver\src\stm32f4xx_rcc.o
                                                  Libraries\STM32F4xx_StdPeriph_Driver\src\stm32f4xx_can.o
                                                  Libraries\STM32F4xx_StdPeriph_Driver\src\stm32f4xx_dac.o
                                                  Libraries\STM32F4xx_StdPeriph_Driver\src\stm32f4xx_i2c.o
                                                  Libraries\STM32F4xx_StdPeriph_Driver\src\stm32f4xx_pwr.o
                                                  Libraries\STM32F4xx_StdPeriph_Driver\src\stm32f4xx_spi.o
                                                  Libraries\STM32F4xx_StdPeriph_Driver\src\stm32f4xx_tim.o
                                                  Libraries\STM32F4xx_StdPeriph_Driver\src\stm32f4xx_usart.o
                                                  Libraries\STM32F4xx_StdPeriph_Driver\src\stm32f4xx_wwdg.o
RCC_APB2PeriphClockCmd                            Libraries\STM32F4xx_StdPeriph_Driver\src\stm32f4xx_rcc.o
                                                  Utilities\STM32F4-Discovery\stm32f4_discovery.o
                                                  Utilities\STM32F4-Discovery\stm32f4_discovery_lis302dl.o
RCC_APB2PeriphClockLPModeCmd                      Libraries\STM32F4xx_StdPeriph_Driver\src\stm32f4xx_rcc.o
RCC_APB2PeriphResetCmd                            Libraries\STM32F4xx_StdPeriph_Driver\src\stm32f4xx_rcc.o
                                                  Libraries\STM32F4xx_StdPeriph_Driver\src\stm32f4xx_adc.o
                                                  Libraries\STM32F4xx_StdPeriph_Driver\src\stm32f4xx_sdio.o
                                                  Libraries\STM32F4xx_StdPeriph_Driver\src\stm32f4xx_spi.o
                                                  Libraries\STM32F4xx_StdPeriph_Driver\src\stm32f4xx_syscfg.o
                                                  Libraries\STM32F4xx_StdPeriph_Driver\src\stm32f4xx_tim.o
                                                  Libraries\STM32F4xx_StdPeriph_Driver\src\stm32f4xx_usart.o
RCC_AdjustHSICalibrationValue                     Libraries\STM32F4xx_StdPeriph_Driver\src\stm32f4xx_rcc.o
RCC_BackupResetCmd                                Libraries\STM32F4xx_StdPeriph_Driver\src\stm32f4xx_rcc.o
RCC_ClearFlag                                     Libraries\STM32F4xx_StdPeriph_Driver\src\stm32f4xx_rcc.o
RCC_ClearITPendingBit                             Libraries\STM32F4xx_StdPeriph_Driver\src\stm32f4xx_rcc.o
RCC_ClockSecuritySystemCmd                        Libraries\STM32F4xx_StdPeriph_Driver\src\stm32f4xx_rcc.o
RCC_DeInit                                        Libraries\STM32F4xx_StdPeriph_Driver\src\stm32f4xx_rcc.o
RCC_GetClocksFreq                                 Libraries\STM32F4xx_StdPeriph_Driver\src\stm32f4xx_rcc.o
                                                  Libraries\STM32F4xx_StdPeriph_Driver\src\stm32f4xx_i2c.o
                                                  Libraries\STM32F4xx_StdPeriph_Driver\src\stm32f4xx_usart.o
RCC_GetFlagStatus                                 Libraries\STM32F4xx_StdPeriph_Driver\src\stm32f4xx_rcc.o
RCC_GetITStatus                                   Libraries\STM32F4xx_StdPeriph_Driver\src\stm32f4xx_rcc.o
RCC_GetSYSCLKSource                               Libraries\STM32F4xx_StdPeriph_Driver\src\stm32f4xx_rcc.o
RCC_HCLKConfig                                    Libraries\STM32F4xx_StdPeriph_Driver\src\stm32f4xx_rcc.o